Component: ARM Compiler 5.06 update 3 (build 300) Tool: armlink [4d35c9]

==============================================================================

Section Cross References

    main.o(.text) refers to bsp_init.o(.text) for All_Init
    main.o(.text) refers to ano_scheduler.o(.text) for Scheduler_Setup
    main.o(.text) refers to ano_fcdata.o(.bss) for flag
    ano_scheduler.o(.text) refers to drv_time.o(.text) for GetSysTime_us
    ano_scheduler.o(.text) refers to ano_flightdatacal.o(.text) for Fc_Sensor_Get
    ano_scheduler.o(.text) refers to ano_sensor_basic.o(.text) for Sensor_Data_Prepare
    ano_scheduler.o(.text) refers to drv_gps.o(.text) for WCXY_Acc_Get_Task
    ano_scheduler.o(.text) refers to ano_flightctrl.o(.text) for Flight_State_Task
    ano_scheduler.o(.text) refers to ano_of_decofusion.o(.text) for ANO_OF_Data_Prepare_Task
    ano_scheduler.o(.text) refers to ano_dt.o(.text) for ANO_DT_Data_Exchange
    ano_scheduler.o(.text) refers to ano_attctrl.o(.text) for Att_1level_Ctrl
    ano_scheduler.o(.text) refers to ano_motorctrl.o(.text) for Motor_Ctrl_Task
    ano_scheduler.o(.text) refers to ano_uwb.o(.text) for Ano_UWB_Get_Data_Task
    ano_scheduler.o(.text) refers to ano_imu.o(.text) for calculate_RPY
    ano_scheduler.o(.text) refers to ano_rc.o(.text) for RC_duty_task
    ano_scheduler.o(.text) refers to ano_altctrl.o(.text) for Alt_1level_Ctrl
    ano_scheduler.o(.text) refers to ano_of.o(.text) for AnoOF_DataAnl_Task
    ano_scheduler.o(.text) refers to drv_led.o(.text) for LED_Task2
    ano_scheduler.o(.text) refers to ano_flyctrl.o(.text) for FlyCtrl_Task
    ano_scheduler.o(.text) refers to ano_locctrl.o(.text) for Loc_1level_Ctrl
    ano_scheduler.o(.text) refers to drv_openmv.o(.text) for OpenMV_Offline_Check
    ano_scheduler.o(.text) refers to ano_opmv_cbtracking_ctrl.o(.text) for ANO_CBTracking_Task
    ano_scheduler.o(.text) refers to ano_opmv_linetracking_ctrl.o(.text) for ANO_LTracking_Task
    ano_scheduler.o(.text) refers to ano_opmv_ctrl.o(.text) for ANO_OPMV_Ctrl_Task
    ano_scheduler.o(.text) refers to ano_power.o(.text) for Power_UpdateTask
    ano_scheduler.o(.text) refers to drv_heating.o(.text) for Thermostatic_Ctrl_Task
    ano_scheduler.o(.text) refers to ano_parameter.o(.text) for Ano_Parame_Write_task
    ano_scheduler.o(.text) refers to ano_scheduler.o(.bss) for test_dT_1000hz
    ano_scheduler.o(.text) refers to ano_rc.o(.bss) for CH_N
    ano_scheduler.o(.text) refers to ano_scheduler.o(.data) for sched_tasks
    ano_scheduler.o(.data) refers to ano_scheduler.o(.text) for Loop_1000Hz
    bsp_init.o(.text) refers to misc.o(.text) for NVIC_PriorityGroupConfig
    bsp_init.o(.text) refers to drv_time.o(.text) for SysTick_Configuration
    bsp_init.o(.text) refers to drv_led.o(.text) for Drv_LED_Init
    bsp_init.o(.text) refers to drv_w25qxx.o(.text) for Flash_Init
    bsp_init.o(.text) refers to ano_fcdata.o(.text) for Para_Data_Init
    bsp_init.o(.text) refers to ano_rc.o(.text) for Remote_Control_Init
    bsp_init.o(.text) refers to drv_pwm_out.o(.text) for PWM_Out_Init
    bsp_init.o(.text) refers to drv_spi.o(.text) for Drv_SPI2_init
    bsp_init.o(.text) refers to drv_icm20602.o(.text) for Drv_Icm20602CSPin_Init
    bsp_init.o(.text) refers to drv_ak8975.o(.text) for Drv_AK8975CSPin_Init
    bsp_init.o(.text) refers to drv_spl06.o(.text) for Drv_SPL06CSPin_Init
    bsp_init.o(.text) refers to ano_usb.o(.text) for Usb_Hid_Init
    bsp_init.o(.text) refers to drv_usart.o(.text) for Usart2_Init
    bsp_init.o(.text) refers to drv_up_flow.o(.text) for Drv_OFInit
    bsp_init.o(.text) refers to drv_laser.o(.text) for Drv_Laser_Init
    bsp_init.o(.text) refers to drv_adc.o(.text) for Drv_AdcInit
    bsp_init.o(.text) refers to ano_flightctrl.o(.text) for All_PID_Init
    bsp_init.o(.text) refers to drv_gps.o(.text) for Drv_GpsPin_Init
    bsp_init.o(.text) refers to drv_heating.o(.text) for Drv_HeatingInit
    bsp_init.o(.text) refers to ano_sensor_basic.o(.text) for Sensor_Basic_Init
    bsp_init.o(.text) refers to ano_dt.o(.text) for ANO_DT_SendString
    bsp_init.o(.text) refers to ano_fcdata.o(.bss) for sens_hd_check
    bsp_init.o(.text) refers to bsp_init.o(.data) for of_init_type
    ano_dt.o(.text) refers to ano_usb.o(.text) for Usb_Hid_Adddata
    ano_dt.o(.text) refers to drv_usart.o(.text) for Usart2_Send
    ano_dt.o(.text) refers to ano_dt.o(.bss) for data_to_send
    ano_dt.o(.text) refers to ano_parameter.o(.bss) for Ano_Parame
    ano_dt.o(.text) refers to ano_fcdata.o(.text) for data_save
    ano_dt.o(.text) refers to ano_parameter.o(.text) for PID_Rest
    ano_dt.o(.text) refers to ano_flightctrl.o(.text) for All_PID_Init
    ano_dt.o(.text) refers to ano_flyctrl.o(.text) for FlyCtrlDataAnl
    ano_dt.o(.text) refers to ano_sensor_basic.o(.bss) for sensor
    ano_dt.o(.text) refers to ano_magprocess.o(.data) for mag
    ano_dt.o(.text) refers to ano_dt.o(.data) for ano_dt_data_ok
[...]
    ADC_SetInjectedOffset                    0x08011023   Thumb Code   108  stm32f4xx_adc.o(.text)
    ADC_ExternalTrigInjectedConvConfig       0x0801108f   Thumb Code   174  stm32f4xx_adc.o(.text)
    ADC_ExternalTrigInjectedConvEdgeConfig   0x0801113d   Thumb Code    86  stm32f4xx_adc.o(.text)
    ADC_SoftwareStartInjectedConv            0x08011193   Thumb Code    46  stm32f4xx_adc.o(.text)
    ADC_GetSoftwareStartInjectedConvCmdStatus 0x080111c1   Thumb Code    56  stm32f4xx_adc.o(.text)
    ADC_AutoInjectedConvCmd                  0x080111f9   Thumb Code    80  stm32f4xx_adc.o(.text)
    ADC_InjectedDiscModeCmd                  0x08011249   Thumb Code    80  stm32f4xx_adc.o(.text)
    ADC_GetInjectedConversionValue           0x08011299   Thumb Code    92  stm32f4xx_adc.o(.text)
    ADC_ITConfig                             0x080112f5   Thumb Code   136  stm32f4xx_adc.o(.text)
    ADC_GetFlagStatus                        0x0801137d   Thumb Code    94  stm32f4xx_adc.o(.text)
    ADC_ClearFlag                            0x080113db   Thumb Code    66  stm32f4xx_adc.o(.text)
    ADC_GetITStatus                          0x0801141d   Thumb Code   126  stm32f4xx_adc.o(.text)
    ADC_ClearITPendingBit                    0x0801149b   Thumb Code    92  stm32f4xx_adc.o(.text)
    DMA_DeInit                               0x08011505   Thumb Code   462  stm32f4xx_dma.o(.text)
    DMA_Init                                 0x080116d3   Thumb Code   744  stm32f4xx_dma.o(.text)
    DMA_StructInit                           0x080119bb   Thumb Code    34  stm32f4xx_dma.o(.text)
    DMA_Cmd                                  0x080119dd   Thumb Code   186  stm32f4xx_dma.o(.text)
    DMA_PeriphIncOffsetSizeConfig            0x08011a97   Thumb Code   188  stm32f4xx_dma.o(.text)
    DMA_FlowControllerConfig                 0x08011b53   Thumb Code   186  stm32f4xx_dma.o(.text)
    DMA_SetCurrDataCounter                   0x08011c0d   Thumb Code   148  stm32f4xx_dma.o(.text)
    DMA_GetCurrDataCounter                   0x08011ca1   Thumb Code   148  stm32f4xx_dma.o(.text)
    DMA_DoubleBufferModeConfig               0x08011d35   Thumb Code   204  stm32f4xx_dma.o(.text)
    DMA_DoubleBufferModeCmd                  0x08011e01   Thumb Code   186  stm32f4xx_dma.o(.text)
    DMA_MemoryTargetConfig                   0x08011ebb   Thumb Code   178  stm32f4xx_dma.o(.text)
    DMA_GetCurrentMemoryTarget               0x08011f6d   Thumb Code   162  stm32f4xx_dma.o(.text)
    DMA_GetCmdStatus                         0x0801200f   Thumb Code   162  stm32f4xx_dma.o(.text)
    DMA_GetFIFOStatus                        0x080120b1   Thumb Code   154  stm32f4xx_dma.o(.text)
    DMA_GetFlagStatus                        0x0801214b   Thumb Code   486  stm32f4xx_dma.o(.text)
    DMA_ClearFlag                            0x08012331   Thumb Code   220  stm32f4xx_dma.o(.text)
    DMA_ITConfig                             0x0801240d   Thumb Code   244  stm32f4xx_dma.o(.text)
    DMA_GetITStatus                          0x08012501   Thumb Code   590  stm32f4xx_dma.o(.text)
    DMA_ClearITPendingBit                    0x0801274f   Thumb Code   222  stm32f4xx_dma.o(.text)
    EXTI_DeInit                              0x080128d1   Thumb Code    28  stm32f4xx_exti.o(.text)
    EXTI_Init                                0x080128ed   Thumb Code   236  stm32f4xx_exti.o(.text)
    EXTI_StructInit                          0x080129d9   Thumb Code    16  stm32f4xx_exti.o(.text)
    EXTI_GenerateSWInterrupt                 0x080129e9   Thumb Code    38  stm32f4xx_exti.o(.text)
    EXTI_GetFlagStatus                       0x08012a0f   Thumb Code   158  stm32f4xx_exti.o(.text)
    EXTI_ClearFlag                           0x08012aad   Thumb Code    30  stm32f4xx_exti.o(.text)
    EXTI_GetITStatus                         0x08012acb   Thumb Code   172  stm32f4xx_exti.o(.text)
    EXTI_ClearITPendingBit                   0x08012b77   Thumb Code    32  stm32f4xx_exti.o(.text)
    GPIO_DeInit                              0x08012bdd   Thumb Code   284  stm32f4xx_gpio.o(.text)
    GPIO_Init                                0x08012cf9   Thumb Code   342  stm32f4xx_gpio.o(.text)
    GPIO_StructInit                          0x08012e4f   Thumb Code    18  stm32f4xx_gpio.o(.text)
    GPIO_PinLockConfig                       0x08012e61   Thumb Code   122  stm32f4xx_gpio.o(.text)
    GPIO_ReadInputDataBit                    0x08012edb   Thumb Code   182  stm32f4xx_gpio.o(.text)
    GPIO_ReadInputData                       0x08012f91   Thumb Code   174  stm32f4xx_gpio.o(.text)
    GPIO_ReadOutputDataBit                   0x0801303f   Thumb Code   186  stm32f4xx_gpio.o(.text)
    GPIO_ReadOutputData                      0x080130f9   Thumb Code    78  stm32f4xx_gpio.o(.text)
    GPIO_SetBits                             0x08013147   Thumb Code    98  stm32f4xx_gpio.o(.text)
    GPIO_ResetBits                           0x080131a9   Thumb Code    98  stm32f4xx_gpio.o(.text)
    GPIO_WriteBit                            0x0801320b   Thumb Code   200  stm32f4xx_gpio.o(.text)
    GPIO_Write                               0x080132d3   Thumb Code    78  stm32f4xx_gpio.o(.text)
    GPIO_ToggleBits                          0x08013321   Thumb Code    82  stm32f4xx_gpio.o(.text)
    GPIO_PinAFConfig                         0x08013373   Thumb Code   384  stm32f4xx_gpio.o(.text)
    RCC_DeInit                               0x080134f5   Thumb Code    60  stm32f4xx_rcc.o(.text)
    RCC_HSEConfig                            0x08013531   Thumb Code    38  stm32f4xx_rcc.o(.text)
    RCC_GetFlagStatus                        0x08013557   Thumb Code   130  stm32f4xx_rcc.o(.text)
    RCC_WaitForHSEStartUp                    0x080135d9   Thumb Code    56  stm32f4xx_rcc.o(.text)
    RCC_AdjustHSICalibrationValue            0x08013611   Thumb Code    38  stm32f4xx_rcc.o(.text)
    RCC_HSICmd                               0x08013637   Thumb Code    28  stm32f4xx_rcc.o(.text)
    RCC_LSEConfig                            0x08013653   Thumb Code    72  stm32f4xx_rcc.o(.text)
    RCC_LSICmd                               0x0801369b   Thumb Code    28  stm32f4xx_rcc.o(.text)
    RCC_PLLConfig                            0x080136b7   Thumb Code   156  stm32f4xx_rcc.o(.text)
    RCC_PLLCmd                               0x08013753   Thumb Code    28  stm32f4xx_rcc.o(.text)
    RCC_PLLI2SConfig                         0x0801376f   Thumb Code    62  stm32f4xx_rcc.o(.text)
    RCC_PLLI2SCmd                            0x080137ad   Thumb Code    28  stm32f4xx_rcc.o(.text)
    RCC_ClockSecuritySystemCmd               0x080137c9   Thumb Code    28  stm32f4xx_rcc.o(.text)
    RCC_MCO1Config                           0x080137e5   Thumb Code   102  stm32f4xx_rcc.o(.text)
    RCC_MCO2Config                           0x0801384b   Thumb Code   102  stm32f4xx_rcc.o(.text)
    RCC_SYSCLKConfig                         0x080138b1   Thumb Code   124  stm32f4xx_rcc.o(.text)
    RCC_GetSYSCLKSource                      0x0801392d   Thumb Code    10  stm32f4xx_rcc.o(.text)
    RCC_HCLKConfig                           0x08013937   Thumb Code    68  stm32f4xx_rcc.o(.text)
    RCC_PCLK1Config                          0x0801397b   Thumb Code    60  stm32f4xx_rcc.o(.text)
    RCC_PCLK2Config                          0x080139b7   Thumb Code    62  stm32f4xx_rcc.o(.text)
    RCC_GetClocksFreq                        0x080139f5   Thumb Code   214  stm32f4xx_rcc.o(.text)
    RCC_RTCCLKConfig                         0x08013acb   Thumb Code   262  stm32f4xx_rcc.o(.text)
    RCC_RTCCLKCmd                            0x08013bd1   Thumb Code    30  stm32f4xx_rcc.o(.text)
    RCC_BackupResetCmd                       0x08013bef   Thumb Code    32  stm32f4xx_rcc.o(.text)
    RCC_I2SCLKConfig                         0x08013c0f   Thumb Code    30  stm32f4xx_rcc.o(.text)
    RCC_AHB1PeriphClockCmd                   0x08013c2d   Thumb Code    82  stm32f4xx_rcc.o(.text)
    RCC_AHB2PeriphClockCmd                   0x08013c7f   Thumb Code    82  stm32f4xx_rcc.o(.text)
    RCC_AHB3PeriphClockCmd                   0x08013cd1   Thumb Code   232  stm32f4xx_rcc.o(.text)
    RCC_APB1PeriphClockCmd                   0x08013db9   Thumb Code    82  stm32f4xx_rcc.o(.text)
    RCC_APB2PeriphClockCmd                   0x08013e0b   Thumb Code    82  stm32f4xx_rcc.o(.text)
    RCC_AHB1PeriphResetCmd                   0x08013e5d   Thumb Code    82  stm32f4xx_rcc.o(.text)
    RCC_AHB2PeriphResetCmd                   0x08013eaf   Thumb Code    82  stm32f4xx_rcc.o(.text)
    RCC_AHB3PeriphResetCmd                   0x08013f01   Thumb Code    82  stm32f4xx_rcc.o(.text)
    RCC_APB1PeriphResetCmd                   0x08013f53   Thumb Code    82  stm32f4xx_rcc.o(.text)
    RCC_APB2PeriphResetCmd                   0x08013fa5   Thumb Code    82  stm32f4xx_rcc.o(.text)
    RCC_AHB1PeriphClockLPModeCmd             0x08013ff7   Thumb Code    82  stm32f4xx_rcc.o(.text)
    RCC_AHB2PeriphClockLPModeCmd             0x08014049   Thumb Code    82  stm32f4xx_rcc.o(.text)
    RCC_AHB3PeriphClockLPModeCmd             0x0801409b   Thumb Code    82  stm32f4xx_rcc.o(.text)
    RCC_APB1PeriphClockLPModeCmd             0x080140ed   Thumb Code    82  stm32f4xx_rcc.o(.text)
    RCC_APB2PeriphClockLPModeCmd             0x0801413f   Thumb Code   106  stm32f4xx_rcc.o(.text)
    RCC_ITConfig                             0x080141a9   Thumb Code    74  stm32f4xx_rcc.o(.text)
    RCC_ClearFlag                            0x080141f3   Thumb Code    18  stm32f4xx_rcc.o(.text)
    RCC_GetITStatus                          0x08014205   Thumb Code    68  stm32f4xx_rcc.o(.text)
    RCC_ClearITPendingBit                    0x08014249   Thumb Code    34  stm32f4xx_rcc.o(.text)
    SPI_I2S_DeInit                           0x08014271   Thumb Code   104  stm32f4xx_spi.o(.text)
    SPI_Init                                 0x080142d9   Thumb Code   348  stm32f4xx_spi.o(.text)
    I2S_Init                                 0x08014435   Thumb Code   508  stm32f4xx_spi.o(.text)
    SPI_StructInit                           0x08014631   Thumb Code    24  stm32f4xx_spi.o(.text)
    I2S_StructInit                           0x08014649   Thumb Code   104  stm32f4xx_spi.o(.text)
    SPI_Cmd                                  0x080146b1   Thumb Code    82  stm32f4xx_spi.o(.text)
    I2S_Cmd                                  0x08014703   Thumb Code    88  stm32f4xx_spi.o(.text)
    SPI_DataSizeConfig                       0x0801475b   Thumb Code    78  stm32f4xx_spi.o(.text)
    SPI_BiDirectionalLineConfig              0x080147a9   Thumb Code    94  stm32f4xx_spi.o(.text)
    SPI_NSSInternalSoftwareConfig            0x08014807   Thumb Code    96  stm32f4xx_spi.o(.text)
    SPI_SSOutputCmd                          0x08014867   Thumb Code    82  stm32f4xx_spi.o(.text)
    SPI_TIModeCmd                            0x080148b9   Thumb Code    82  stm32f4xx_spi.o(.text)
    I2S_FullDuplexConfig                     0x0801490b   Thumb Code   258  stm32f4xx_spi.o(.text)
    SPI_I2S_ReceiveData                      0x08014a0d   Thumb Code    52  stm32f4xx_spi.o(.text)
    SPI_I2S_SendData                         0x08014a41   Thumb Code    54  stm32f4xx_spi.o(.text)
    SPI_CalculateCRC                         0x08014a77   Thumb Code    98  stm32f4xx_spi.o(.text)
    SPI_TransmitCRC                          0x08014ad9   Thumb Code    46  stm32f4xx_spi.o(.text)
    SPI_GetCRC                               0x08014b07   Thumb Code    74  stm32f4xx_spi.o(.text)
    SPI_GetCRCPolynomial                     0x08014b51   Thumb Code    40  stm32f4xx_spi.o(.text)
    SPI_I2S_DMACmd                           0x08014b79   Thumb Code   114  stm32f4xx_spi.o(.text)
    SPI_I2S_ITConfig                         0x08014beb   Thumb Code   138  stm32f4xx_spi.o(.text)
    SPI_I2S_GetFlagStatus                    0x08014c75   Thumb Code   120  stm32f4xx_spi.o(.text)
    SPI_I2S_ClearFlag                        0x08014ced   Thumb Code    74  stm32f4xx_spi.o(.text)
    SPI_I2S_GetITStatus                      0x08014d37   Thumb Code   154  stm32f4xx_spi.o(.text)
    SPI_I2S_ClearITPendingBit                0x08014dd1   Thumb Code    86  stm32f4xx_spi.o(.text)
    SYSCFG_DeInit                            0x08014e39   Thumb Code    22  stm32f4xx_syscfg.o(.text)
    SYSCFG_MemoryRemapConfig                 0x08014e4f   Thumb Code    34  stm32f4xx_syscfg.o(.text)
    SYSCFG_EXTILineConfig                    0x08014e71   Thumb Code   186  stm32f4xx_syscfg.o(.text)
    SYSCFG_ETH_MediaInterfaceConfig          0x08014f2b   Thumb Code    26  stm32f4xx_syscfg.o(.text)
    SYSCFG_CompensationCellCmd               0x08014f45   Thumb Code    26  stm32f4xx_syscfg.o(.text)
    SYSCFG_GetCompensationCellStatus         0x08014f5f   Thumb Code    22  stm32f4xx_syscfg.o(.text)
    TIM_DeInit                               0x08014fbd   Thumb Code   440  stm32f4xx_tim.o(.text)
    TIM_TimeBaseInit                         0x08015175   Thumb Code   278  stm32f4xx_tim.o(.text)
    TIM_TimeBaseStructInit                   0x0801528b   Thumb Code    18  stm32f4xx_tim.o(.text)
    TIM_PrescalerConfig                      0x0801529d   Thumb Code   128  stm32f4xx_tim.o(.text)
    TIM_CounterModeConfig                    0x0801531d   Thumb Code   100  stm32f4xx_tim.o(.text)
    TIM_SetCounter                           0x08015381   Thumb Code   222  stm32f4xx_tim.o(.text)
    TIM_SetAutoreload                        0x0801545f   Thumb Code   108  stm32f4xx_tim.o(.text)
    TIM_GetCounter                           0x080154cb   Thumb Code   106  stm32f4xx_tim.o(.text)
    TIM_GetPrescaler                         0x08015535   Thumb Code   106  stm32f4xx_tim.o(.text)
    TIM_UpdateDisableConfig                  0x0801559f   Thumb Code   148  stm32f4xx_tim.o(.text)
    TIM_UpdateRequestConfig                  0x08015633   Thumb Code   148  stm32f4xx_tim.o(.text)
    TIM_ARRPreloadConfig                     0x080156c7   Thumb Code   148  stm32f4xx_tim.o(.text)
    TIM_SelectOnePulseMode                   0x0801575b   Thumb Code   142  stm32f4xx_tim.o(.text)
    TIM_SetClockDivision                     0x080157e9   Thumb Code   192  stm32f4xx_tim.o(.text)
    TIM_Cmd                                  0x080158a9   Thumb Code   148  stm32f4xx_tim.o(.text)
    TIM_OC1Init                              0x0801593d   Thumb Code   416  stm32f4xx_tim.o(.text)
    TIM_OC2Init                              0x08015add   Thumb Code   486  stm32f4xx_tim.o(.text)
    TIM_OC3Init                              0x08015cc3   Thumb Code   416  stm32f4xx_tim.o(.text)
    TIM_OC4Init                              0x08015e63   Thumb Code   300  stm32f4xx_tim.o(.text)
    TIM_OCStructInit                         0x08015f8f   Thumb Code    20  stm32f4xx_tim.o(.text)
    TIM_SelectOCxM                           0x08015fa3   Thumb Code   256  stm32f4xx_tim.o(.text)
    TIM_SetCompare1                          0x080160a3   Thumb Code   142  stm32f4xx_tim.o(.text)
    TIM_SetCompare2                          0x08016131   Thumb Code    72  stm32f4xx_tim.o(.text)
    TIM_SetCompare3                          0x08016179   Thumb Code    60  stm32f4xx_tim.o(.text)
    TIM_SetCompare4                          0x080161b5   Thumb Code    60  stm32f4xx_tim.o(.text)
    TIM_ForcedOC1Config                      0x080161f1   Thumb Code   130  stm32f4xx_tim.o(.text)
    TIM_ForcedOC2Config                      0x08016273   Thumb Code   114  stm32f4xx_tim.o(.text)
    TIM_ForcedOC3Config                      0x080162e5   Thumb Code    94  stm32f4xx_tim.o(.text)
    TIM_ForcedOC4Config                      0x08016343   Thumb Code   102  stm32f4xx_tim.o(.text)
    TIM_OC1PreloadConfig                     0x080163a9   Thumb Code   124  stm32f4xx_tim.o(.text)
    TIM_OC2PreloadConfig                     0x08016425   Thumb Code   108  stm32f4xx_tim.o(.text)
    TIM_OC3PreloadConfig                     0x08016491   Thumb Code   136  stm32f4xx_tim.o(.text)
    TIM_OC4PreloadConfig                     0x08016519   Thumb Code    96  stm32f4xx_tim.o(.text)
    TIM_OC1FastConfig                        0x08016579   Thumb Code   124  stm32f4xx_tim.o(.text)
    TIM_OC2FastConfig                        0x080165f5   Thumb Code   108  stm32f4xx_tim.o(.text)
    TIM_OC3FastConfig                        0x08016661   Thumb Code    88  stm32f4xx_tim.o(.text)
    TIM_OC4FastConfig                        0x080166b9   Thumb Code    96  stm32f4xx_tim.o(.text)
    TIM_ClearOC1Ref                          0x08016719   Thumb Code   124  stm32f4xx_tim.o(.text)
    TIM_ClearOC2Ref                          0x08016795   Thumb Code   106  stm32f4xx_tim.o(.text)
    TIM_ClearOC3Ref                          0x080167ff   Thumb Code    88  stm32f4xx_tim.o(.text)
    TIM_ClearOC4Ref                          0x08016857   Thumb Code    94  stm32f4xx_tim.o(.text)
    TIM_OC1PolarityConfig                    0x080168b5   Thumb Code   174  stm32f4xx_tim.o(.text)
    TIM_OC1NPolarityConfig                   0x08016963   Thumb Code    64  stm32f4xx_tim.o(.text)
    TIM_OC2PolarityConfig                    0x080169a3   Thumb Code   108  stm32f4xx_tim.o(.text)
    TIM_OC2NPolarityConfig                   0x08016a0f   Thumb Code    72  stm32f4xx_tim.o(.text)
    TIM_OC3PolarityConfig                    0x08016a57   Thumb Code    96  stm32f4xx_tim.o(.text)
    TIM_OC3NPolarityConfig                   0x08016ab7   Thumb Code    72  stm32f4xx_tim.o(.text)
    TIM_OC4PolarityConfig                    0x08016aff   Thumb Code    96  stm32f4xx_tim.o(.text)
    TIM_CCxCmd                               0x08016b5f   Thumb Code   168  stm32f4xx_tim.o(.text)
    TIM_CCxNCmd                              0x08016c07   Thumb Code   104  stm32f4xx_tim.o(.text)
    TIM_SetIC4Prescaler                      0x08016c6f   Thumb Code   106  stm32f4xx_tim.o(.text)
    TIM_SetIC3Prescaler                      0x08016d59   Thumb Code    98  stm32f4xx_tim.o(.text)
    TIM_SetIC2Prescaler                      0x08016e03   Thumb Code   118  stm32f4xx_tim.o(.text)
    TIM_SetIC1Prescaler                      0x08016ec9   Thumb Code   134  stm32f4xx_tim.o(.text)
    TIM_ICInit                               0x08016f89   Thumb Code   508  stm32f4xx_tim.o(.text)
    TIM_ICStructInit                         0x08017185   Thumb Code    18  stm32f4xx_tim.o(.text)
    TIM_PWMIConfig                           0x08017197   Thumb Code   184  stm32f4xx_tim.o(.text)
    TIM_GetCapture1                          0x0801724f   Thumb Code    92  stm32f4xx_tim.o(.text)
    TIM_GetCapture2                          0x080172ab   Thumb Code    68  stm32f4xx_tim.o(.text)
    TIM_GetCapture3                          0x080172ef   Thumb Code    56  stm32f4xx_tim.o(.text)
    TIM_GetCapture4                          0x08017327   Thumb Code    56  stm32f4xx_tim.o(.text)
    TIM_BDTRConfig                           0x0801735f   Thumb Code   222  stm32f4xx_tim.o(.text)
    TIM_BDTRStructInit                       0x0801743d   Thumb Code    18  stm32f4xx_tim.o(.text)
    TIM_CtrlPWMOutputs                       0x0801744f   Thumb Code    78  stm32f4xx_tim.o(.text)
    TIM_SelectCOM                            0x0801749d   Thumb Code    72  stm32f4xx_tim.o(.text)
    TIM_CCPreloadControl                     0x080174e5   Thumb Code    72  stm32f4xx_tim.o(.text)
    TIM_ITConfig                             0x0801752d   Thumb Code   218  stm32f4xx_tim.o(.text)
    TIM_GenerateEvent                        0x08017607   Thumb Code   126  stm32f4xx_tim.o(.text)
    TIM_GetFlagStatus                        0x08017685   Thumb Code   188  stm32f4xx_tim.o(.text)
    TIM_ClearFlag                            0x08017741   Thumb Code   108  stm32f4xx_tim.o(.text)
    TIM_GetITStatus                          0x080177ad   Thumb Code   186  stm32f4xx_tim.o(.text)
    TIM_ClearITPendingBit                    0x08017867   Thumb Code   108  stm32f4xx_tim.o(.text)
    TIM_DMAConfig                            0x080178d3   Thumb Code   334  stm32f4xx_tim.o(.text)
    TIM_DMACmd                               0x08017a21   Thumb Code   126  stm32f4xx_tim.o(.text)
    TIM_SelectCCDMA                          0x08017a9f   Thumb Code    96  stm32f4xx_tim.o(.text)
    TIM_InternalClockConfig                  0x08017aff   Thumb Code    76  stm32f4xx_tim.o(.text)
    TIM_SelectInputTrigger                   0x08017b4b   Thumb Code   148  stm32f4xx_tim.o(.text)
    TIM_ITRxExternalClockConfig              0x08017bdf   Thumb Code   110  stm32f4xx_tim.o(.text)
    TIM_TIxExternalClockConfig               0x08017c4d   Thumb Code   184  stm32f4xx_tim.o(.text)
    TIM_ETRConfig                            0x08017d05   Thumb Code   164  stm32f4xx_tim.o(.text)
    TIM_ETRClockMode1Config                  0x08017da9   Thumb Code   228  stm32f4xx_tim.o(.text)
    TIM_ETRClockMode2Config                  0x08017e8d   Thumb Code   152  stm32f4xx_tim.o(.text)
    TIM_SelectOutputTrigger                  0x08017f25   Thumb Code   126  stm32f4xx_tim.o(.text)
    TIM_SelectSlaveMode                      0x08017fa3   Thumb Code   112  stm32f4xx_tim.o(.text)
    TIM_SelectMasterSlaveMode                0x08018013   Thumb Code   102  stm32f4xx_tim.o(.text)
    TIM_EncoderInterfaceConfig               0x08018079   Thumb Code   226  stm32f4xx_tim.o(.text)
    TIM_SelectHallSensor                     0x0801815b   Thumb Code   108  stm32f4xx_tim.o(.text)
    TIM_RemapConfig                          0x080181c7   Thumb Code   138  stm32f4xx_tim.o(.text)
    USART_DeInit                             0x08018251   Thumb Code   202  stm32f4xx_usart.o(.text)
    USART_Init                               0x0801831b   Thumb Code   456  stm32f4xx_usart.o(.text)
    USART_StructInit                         0x080184e3   Thumb Code    24  stm32f4xx_usart.o(.text)
    USART_ClockInit                          0x080184fb   Thumb Code   166  stm32f4xx_usart.o(.text)
    USART_ClockStructInit                    0x080185a1   Thumb Code    12  stm32f4xx_usart.o(.text)
    USART_Cmd                                0x080185ad   Thumb Code    96  stm32f4xx_usart.o(.text)
    USART_SetPrescaler                       0x0801860d   Thumb Code   160  stm32f4xx_usart.o(.text)
    USART_OverSampling8Cmd                   0x080186ad   Thumb Code    98  stm32f4xx_usart.o(.text)
    USART_OneBitMethodCmd                    0x0801870f   Thumb Code   100  stm32f4xx_usart.o(.text)
    USART_SendData                           0x08018773   Thumb Code    84  stm32f4xx_usart.o(.text)
    USART_ReceiveData                        0x080187c7   Thumb Code    62  stm32f4xx_usart.o(.text)
    USART_SetAddress                         0x08018805   Thumb Code    92  stm32f4xx_usart.o(.text)
    USART_ReceiverWakeUpCmd                  0x08018861   Thumb Code   100  stm32f4xx_usart.o(.text)
    USART_WakeUpConfig                       0x080188c5   Thumb Code    96  stm32f4xx_usart.o(.text)
    USART_LINBreakDetectLengthConfig         0x08018925   Thumb Code    94  stm32f4xx_usart.o(.text)
    USART_LINCmd                             0x08018983   Thumb Code   100  stm32f4xx_usart.o(.text)
    USART_SendBreak                          0x080189e7   Thumb Code    64  stm32f4xx_usart.o(.text)
    USART_HalfDuplexCmd                      0x08018a27   Thumb Code   100  stm32f4xx_usart.o(.text)
    USART_SetGuardTime                       0x08018a8b   Thumb Code    86  stm32f4xx_usart.o(.text)
    USART_SmartCardCmd                       0x08018ae1   Thumb Code    88  stm32f4xx_usart.o(.text)
    USART_SmartCardNACKCmd                   0x08018b39   Thumb Code    88  stm32f4xx_usart.o(.text)
    USART_IrDAConfig                         0x08018b91   Thumb Code    94  stm32f4xx_usart.o(.text)
    USART_IrDACmd                            0x08018bef   Thumb Code   100  stm32f4xx_usart.o(.text)
    USART_DMACmd                             0x08018c53   Thumb Code   120  stm32f4xx_usart.o(.text)
    USART_ITConfig                           0x08018ccb   Thumb Code   268  stm32f4xx_usart.o(.text)
    USART_GetFlagStatus                      0x08018dd7   Thumb Code   176  stm32f4xx_usart.o(.text)
    USART_ClearFlag                          0x08018e87   Thumb Code   160  stm32f4xx_usart.o(.text)
    USART_GetITStatus                        0x08018f27   Thumb Code   284  stm32f4xx_usart.o(.text)
    USART_ClearITPendingBit                  0x08019043   Thumb Code   170  stm32f4xx_usart.o(.text)
    SystemInit                               0x080191e1   Thumb Code    88  system_stm32f4xx.o(.text)
    SystemCoreClockUpdate                    0x08019239   Thumb Code   174  system_stm32f4xx.o(.text)
    Reset_Handler                            0x08019315   Thumb Code     8  startup_stm32f4xx.o(.text)
    HardFault_Handler                        0x0801931f   Thumb Code     2  startup_stm32f4xx.o(.text)
    PendSV_Handler                           0x0801932b   Thumb Code     2  startup_stm32f4xx.o(.text)
    ADC_IRQHandler                           0x0801932f   Thumb Code     0  startup_stm32f4xx.o(.text)
    CAN1_RX0_IRQHandler                      0x0801932f   Thumb Code     0  startup_stm32f4xx.o(.text)
    CAN1_RX1_IRQHandler                      0x0801932f   Thumb Code     0  startup_stm32f4xx.o(.text)
    CAN1_SCE_IRQHandler                      0x0801932f   Thumb Code     0  startup_stm32f4xx.o(.text)
    CAN1_TX_IRQHandler                       0x0801932f   Thumb Code     0  startup_stm32f4xx.o(.text)
    CAN2_RX0_IRQHandler                      0x0801932f   Thumb Code     0  startup_stm32f4xx.o(.text)
    CAN2_RX1_IRQHandler                      0x0801932f   Thumb Code     0  startup_stm32f4xx.o(.text)
    CAN2_SCE_IRQHandler                      0x0801932f   Thumb Code     0  startup_stm32f4xx.o(.text)
    CAN2_TX_IRQHandler                       0x0801932f   Thumb Code     0  startup_stm32f4xx.o(.text)
    CRYP_IRQHandler                          0x0801932f   Thumb Code     0  startup_stm32f4xx.o(.text)
    DCMI_IRQHandler                          0x0801932f   Thumb Code     0  startup_stm32f4xx.o(.text)
    DMA1_Stream0_IRQHandler                  0x0801932f   Thumb Code     0  startup_stm32f4xx.o(.text)
    DMA1_Stream1_IRQHandler                  0x0801932f   Thumb Code     0  startup_stm32f4xx.o(.text)
    DMA1_Stream2_IRQHandler                  0x0801932f   Thumb Code     0  startup_stm32f4xx.o(.text)
    DMA1_Stream3_IRQHandler                  0x0801932f   Thumb Code     0  startup_stm32f4xx.o(.text)
    DMA1_Stream4_IRQHandler                  0x0801932f   Thumb Code     0  startup_stm32f4xx.o(.text)
    DMA1_Stream5_IRQHandler                  0x0801932f   Thumb Code     0  startup_stm32f4xx.o(.text)
    DMA1_Stream6_IRQHandler                  0x0801932f   Thumb Code     0  startup_stm32f4xx.o(.text)
    DMA1_Stream7_IRQHandler                  0x0801932f   Thumb Code     0  startup_stm32f4xx.o(.text)
    DMA2_Stream0_IRQHandler                  0x0801932f   Thumb Code     0  startup_stm32f4xx.o(.text)
    DMA2_Stream1_IRQHandler                  0x0801932f   Thumb Code     0  startup_stm32f4xx.o(.text)
    DMA2_Stream2_IRQHandler                  0x0801932f   Thumb Code     0  startup_stm32f4xx.o(.text)
    DMA2_Stream3_IRQHandler                  0x0801932f   Thumb Code     0  startup_stm32f4xx.o(.text)
    DMA2_Stream4_IRQHandler                  0x0801932f   Thumb Code     0  startup_stm32f4xx.o(.text)
    DMA2_Stream5_IRQHandler                  0x0801932f   Thumb Code     0  startup_stm32f4xx.o(.text)
    DMA2_Stream6_IRQHandler                  0x0801932f   Thumb Code     0  startup_stm32f4xx.o(.text)
    DMA2_Stream7_IRQHandler                  0x0801932f   Thumb Code     0  startup_stm32f4xx.o(.text)
    ETH_IRQHandler                           0x0801932f   Thumb Code     0  startup_stm32f4xx.o(.text)
    ETH_WKUP_IRQHandler                      0x0801932f   Thumb Code     0  startup_stm32f4xx.o(.text)
    EXTI0_IRQHandler                         0x0801932f   Thumb Code     0  startup_stm32f4xx.o(.text)
    EXTI15_10_IRQHandler                     0x0801932f   Thumb Code     0  startup_stm32f4xx.o(.text)
    EXTI1_IRQHandler                         0x0801932f   Thumb Code     0  startup_stm32f4xx.o(.text)
    EXTI2_IRQHandler                         0x0801932f   Thumb Code     0  startup_stm32f4xx.o(.text)
    EXTI3_IRQHandler                         0x0801932f   Thumb Code     0  startup_stm32f4xx.o(.text)
    EXTI4_IRQHandler                         0x0801932f   Thumb Code     0  startup_stm32f4xx.o(.text)
    FLASH_IRQHandler                         0x0801932f   Thumb Code     0  startup_stm32f4xx.o(.text)
    FPU_IRQHandler                           0x0801932f   Thumb Code     0  startup_stm32f4xx.o(.text)
    FSMC_IRQHandler                          0x0801932f   Thumb Code     0  startup_stm32f4xx.o(.text)
    HASH_RNG_IRQHandler                      0x0801932f   Thumb Code     0  startup_stm32f4xx.o(.text)
    I2C1_ER_IRQHandler                       0x0801932f   Thumb Code     0  startup_stm32f4xx.o(.text)
    I2C1_EV_IRQHandler                       0x0801932f   Thumb Code     0  startup_stm32f4xx.o(.text)
    I2C2_ER_IRQHandler                       0x0801932f   Thumb Code     0  startup_stm32f4xx.o(.text)
    I2C2_EV_IRQHandler                       0x0801932f   Thumb Code     0  startup_stm32f4xx.o(.text)
    I2C3_ER_IRQHandler                       0x0801932f   Thumb Code     0  startup_stm32f4xx.o(.text)
    I2C3_EV_IRQHandler                       0x0801932f   Thumb Code     0  startup_stm32f4xx.o(.text)
    OTG_FS_WKUP_IRQHandler                   0x0801932f   Thumb Code     0  startup_stm32f4xx.o(.text)
    OTG_HS_EP1_IN_IRQHandler                 0x0801932f   Thumb Code     0  startup_stm32f4xx.o(.text)
    OTG_HS_EP1_OUT_IRQHandler                0x0801932f   Thumb Code     0  startup_stm32f4xx.o(.text)
    OTG_HS_IRQHandler                        0x0801932f   Thumb Code     0  startup_stm32f4xx.o(.text)
    OTG_HS_WKUP_IRQHandler                   0x0801932f   Thumb Code     0  startup_stm32f4xx.o(.text)
    PVD_IRQHandler                           0x0801932f   Thumb Code     0  startup_stm32f4xx.o(.text)
    RCC_IRQHandler                           0x0801932f   Thumb Code     0  startup_stm32f4xx.o(.text)
    RTC_Alarm_IRQHandler                     0x0801932f   Thumb Code     0  startup_stm32f4xx.o(.text)
    RTC_WKUP_IRQHandler                      0x0801932f   Thumb Code     0  startup_stm32f4xx.o(.text)
    SDIO_IRQHandler                          0x0801932f   Thumb Code     0  startup_stm32f4xx.o(.text)
    SPI1_IRQHandler                          0x0801932f   Thumb Code     0  startup_stm32f4xx.o(.text)
    SPI2_IRQHandler                          0x0801932f   Thumb Code     0  startup_stm32f4xx.o(.text)
    SPI3_IRQHandler                          0x0801932f   Thumb Code     0  startup_stm32f4xx.o(.text)
    TAMP_STAMP_IRQHandler                    0x0801932f   Thumb Code     0  startup_stm32f4xx.o(.text)
    TIM1_BRK_TIM9_IRQHandler                 0x0801932f   Thumb Code     0  startup_stm32f4xx.o(.text)
    TIM1_CC_IRQHandler                       0x0801932f   Thumb Code     0  startup_stm32f4xx.o(.text)
    TIM1_TRG_COM_TIM11_IRQHandler            0x0801932f   Thumb Code     0  startup_stm32f4xx.o(.text)
    TIM1_UP_TIM10_IRQHandler                 0x0801932f   Thumb Code     0  startup_stm32f4xx.o(.text)
    TIM2_IRQHandler                          0x0801932f   Thumb Code     0  startup_stm32f4xx.o(.text)
    TIM5_IRQHandler                          0x0801932f   Thumb Code     0  startup_stm32f4xx.o(.text)
    TIM6_DAC_IRQHandler                      0x0801932f   Thumb Code     0  startup_stm32f4xx.o(.text)
    TIM7_IRQHandler                          0x0801932f   Thumb Code     0  startup_stm32f4xx.o(.text)
    TIM8_BRK_TIM12_IRQHandler                0x0801932f   Thumb Code     0  startup_stm32f4xx.o(.text)
    TIM8_CC_IRQHandler                       0x0801932f   Thumb Code     0  startup_stm32f4xx.o(.text)
    TIM8_TRG_COM_TIM14_IRQHandler            0x0801932f   Thumb Code     0  startup_stm32f4xx.o(.text)
    TIM8_UP_TIM13_IRQHandler                 0x0801932f   Thumb Code     0  startup_stm32f4xx.o(.text)
    WWDG_IRQHandler                          0x0801932f   Thumb Code     0  startup_stm32f4xx.o(.text)
    usbd_init                                0x08019339   Thumb Code    22  usbd_core.o(.text)
    usbd_connect                             0x0801934f   Thumb Code    12  usbd_core.o(.text)
    usbd_reset_core                          0x0801935b   Thumb Code    38  usbd_core.o(.text)
    usbd_configured                          0x08019381   Thumb Code    14  usbd_core.o(.text)
    USBD_SetupStage                          0x0801938f   Thumb Code    12  usbd_core.o(.text)
    USBD_DataInStage                         0x0801939b   Thumb Code    66  usbd_core.o(.text)
    USBD_DataOutStage                        0x080193dd   Thumb Code    34  usbd_core.o(.text)
    USBD_StatusInStage                       0x080193ff   Thumb Code    14  usbd_core.o(.text)
    USBD_StatusOutStage                      0x0801940d   Thumb Code    12  usbd_core.o(.text)
    USBD_ReqGetStatus                        0x08019419   Thumb Code   160  usbd_core.o(.text)
    USBD_ReqSetClrFeature                    0x080194b9   Thumb Code   216  usbd_core.o(.text)
    USBD_ReqGetDescriptor                    0x08019591   Thumb Code   380  usbd_core.o(.text)
    USBD_ReqGetConfiguration                 0x0801970d   Thumb Code   122  usbd_core.o(.text)
    USBD_ReqSetConfiguration                 0x08019787   Thumb Code   432  usbd_core.o(.text)
    USBD_ReqGetInterface                     0x08019937   Thumb Code    60  usbd_core.o(.text)
    USBD_ReqSetInterface                     0x08019973   Thumb Code   308  usbd_core.o(.text)
    USBD_EndPoint0                           0x08019aa7   Thumb Code   680  usbd_core.o(.text)
    USBD_ReqGetDescriptor_HID                0x08019d69   Thumb Code   132  usbd_core_hid.o(.text)
    USBD_EndPoint0_Setup_HID_ReqToIF         0x08019ded   Thumb Code   200  usbd_core_hid.o(.text)
    USBD_EndPoint0_Out_HID_ReqToIF           0x08019eb5   Thumb Code    44  usbd_core_hid.o(.text)
    usbd_hid_init                            0x08019f19   Thumb Code     2  usbd_hid.o(.text)
    usbd_hid_get_protocol                    0x08019f29   Thumb Code     4  usbd_hid.o(.text)
    usbd_hid_set_protocol                    0x08019f2d   Thumb Code     2  usbd_hid.o(.text)
    USBD_HID_GetReport                       0x08019f2f   Thumb Code    54  usbd_hid.o(.text)
    USBD_HID_SetReport                       0x08019f65   Thumb Code    58  usbd_hid.o(.text)
    USBD_HID_GetIdle                         0x08019f9f   Thumb Code    16  usbd_hid.o(.text)
    USBD_HID_SetIdle                         0x08019faf   Thumb Code    48  usbd_hid.o(.text)
    USBD_HID_GetProtocol                     0x08019fdf   Thumb Code    14  usbd_hid.o(.text)
    USBD_HID_SetProtocol                     0x08019fed   Thumb Code    14  usbd_hid.o(.text)
    USBD_HID_EP_INTIN_Event                  0x08019ffb   Thumb Code   422  usbd_hid.o(.text)
    USBD_HID_EP_INTOUT_Event                 0x0801a1a1   Thumb Code   148  usbd_hid.o(.text)
    USBD_HID_Configure_Event                 0x0801a235   Thumb Code    48  usbd_hid.o(.text)
    USBD_HID_EP_INT_Event                    0x0801a265   Thumb Code    30  usbd_hid.o(.text)
    USBD_HID_SOF_Event                       0x0801a283   Thumb Code   460  usbd_hid.o(.text)
    usbd_hid_get_report_trigger              0x0801a44f   Thumb Code   148  usbd_hid.o(.text)
    __aeabi_memcpy                           0x0801a51d   Thumb Code    36  memcpya.o(.text)
    __aeabi_memcpy4                          0x0801a51d   Thumb Code     0  memcpya.o(.text)
    __aeabi_memcpy8                          0x0801a51d   Thumb Code     0  memcpya.o(.text)
    __aeabi_dadd                             0x0801a541   Thumb Code   322  dadd.o(.text)
    __aeabi_dsub                             0x0801a683   Thumb Code     6  dadd.o(.text)
    __aeabi_drsub                            0x0801a689   Thumb Code     6  dadd.o(.text)
    __aeabi_dmul                             0x0801a68f   Thumb Code   228  dmul.o(.text)
    __aeabi_i2d                              0x0801a773   Thumb Code    34  dflti.o(.text)
    __aeabi_d2iz                             0x0801a795   Thumb Code    62  dfixi.o(.text)
    __aeabi_f2d                              0x0801a7d3   Thumb Code    38  f2d.o(.text)
    __aeabi_cdcmpeq                          0x0801a7f9   Thumb Code     0  cdcmple.o(.text)
    __aeabi_cdcmple                          0x0801a7f9   Thumb Code    48  cdcmple.o(.text)
    __aeabi_cdrcmple                         0x0801a829   Thumb Code    48  cdrcmple.o(.text)
    __aeabi_d2f                              0x0801a859   Thumb Code    56  d2f.o(.text)
    __aeabi_llsl                             0x0801a891   Thumb Code    30  llshl.o(.text)
    _ll_shift_l                              0x0801a891   Thumb Code     0  llshl.o(.text)
    __aeabi_llsr                             0x0801a8af   Thumb Code    32  llushr.o(.text)
    _ll_ushift_r                             0x0801a8af   Thumb Code     0  llushr.o(.text)
    __aeabi_lasr                             0x0801a8cf   Thumb Code    36  llsshr.o(.text)
    _ll_sshift_r                             0x0801a8cf   Thumb Code     0  llsshr.o(.text)
    __I$use$fp                               0x0801a8f3   Thumb Code     0  iusefp.o(.text)
    _float_round                             0x0801a8f3   Thumb Code    18  fepilogue.o(.text)
    _float_epilogue                          0x0801a905   Thumb Code    92  fepilogue.o(.text)
    _double_round                            0x0801a961   Thumb Code    30  depilogue.o(.text)
    _double_epilogue                         0x0801a97f   Thumb Code   156  depilogue.o(.text)
    __scatterload                            0x0801aa1d   Thumb Code    28  init.o(.text)
    __scatterload_rt2                        0x0801aa1d   Thumb Code     0  init.o(.text)
    __decompress                             0x0801aa41   Thumb Code     0  __dczerorl2.o(.text)
    __decompress1                            0x0801aa41   Thumb Code    86  __dczerorl2.o(.text)
    __scatterload_copy                       0x0801aa97   Thumb Code    14  handlers.o(i.__scatterload_copy)
    __scatterload_null                       0x0801aaa5   Thumb Code     2  handlers.o(i.__scatterload_null)
    __scatterload_zeroinit                   0x0801aaa7   Thumb Code    14  handlers.o(i.__scatterload_zeroinit)
    usbd_power                               0x0801aab4   Data           1  usb_config.o(.constdata)
    usbd_hs_enable                           0x0801aab5   Data           1  usb_config.o(.constdata)
    usbd_if_num                              0x0801aab6   Data           2  usb_config.o(.constdata)
    usbd_ep_num                              0x0801aab8   Data           1  usb_config.o(.constdata)
    usbd_max_packet0                         0x0801aab9   Data           1  usb_config.o(.constdata)
    usbd_hid_if_num                          0x0801aaba   Data           1  usb_config.o(.constdata)
    usbd_hid_ep_intin                        0x0801aabb   Data           1  usb_config.o(.constdata)
    usbd_hid_ep_intout                       0x0801aabc   Data           1  usb_config.o(.constdata)
    usbd_hid_interval                        0x0801aabe   Data           4  usb_config.o(.constdata)
    usbd_hid_maxpacketsize                   0x0801aac2   Data           4  usb_config.o(.constdata)
    usbd_hid_inreport_num                    0x0801aac6   Data           1  usb_config.o(.constdata)
    usbd_hid_outreport_num                   0x0801aac7   Data           1  usb_config.o(.constdata)
    usbd_hid_inreport_max_sz                 0x0801aac8   Data           2  usb_config.o(.constdata)
    usbd_hid_outreport_max_sz                0x0801aaca   Data           2  usb_config.o(.constdata)
    usbd_hid_featreport_max_sz               0x0801aacc   Data           2  usb_config.o(.constdata)
    USBD_P_Power_Event                       0x0801aad0   Data           4  usb_config.o(.constdata)
    USBD_P_Reset_Event                       0x0801aad4   Data           4  usb_config.o(.constdata)
    USBD_P_Suspend_Event                     0x0801aad8   Data           4  usb_config.o(.constdata)
    USBD_P_Resume_Event                      0x0801aadc   Data           4  usb_config.o(.constdata)
    USBD_P_WakeUp_Event                      0x0801aae0   Data           4  usb_config.o(.constdata)
    USBD_P_SOF_Event                         0x0801aae4   Data           4  usb_config.o(.constdata)
    USBD_P_Error_Event                       0x0801aae8   Data           4  usb_config.o(.constdata)
    USBD_P_EP                                0x0801aaec   Data          64  usb_config.o(.constdata)
    USBD_P_Configure_Event                   0x0801ab2c   Data           4  usb_config.o(.constdata)
    USBD_P_Interface_Event                   0x0801ab30   Data           4  usb_config.o(.constdata)
    USBD_P_Feature_Event                     0x0801ab34   Data           4  usb_config.o(.constdata)
    __rtx                                    0x0801ab38   Data           4  usb_config.o(.constdata)
    USBD_HID_ReportDescriptor                0x0801ab3c   Data          33  usb_config.o(.constdata)
    USBD_HID_ReportDescriptorSize            0x0801ab5e   Data           2  usb_config.o(.constdata)
    USBD_HID_DescriptorOffset                0x0801ab60   Data           2  usb_config.o(.constdata)
    USBD_DeviceDescriptor                    0x0801ab62   Data          18  usb_config.o(.constdata)
    USBD_DeviceQualifier                     0x0801ab74   Data           1  usb_config.o(.constdata)
    USBD_DeviceQualifier_HS                  0x0801ab75   Data           1  usb_config.o(.constdata)
    USBD_ConfigDescriptor                    0x0801ab76   Data          42  usb_config.o(.constdata)
    USBD_ConfigDescriptor_HS                 0x0801aba0   Data           1  usb_config.o(.constdata)
    USBD_OtherSpeedConfigDescriptor          0x0801aba1   Data           1  usb_config.o(.constdata)
    USBD_OtherSpeedConfigDescriptor_HS       0x0801aba2   Data           1  usb_config.o(.constdata)
    USBD_StringDescriptor                    0x0801aba4   Data         132  usb_config.o(.constdata)
    fast_atan_table                          0x0801ac28   Data        1028  ano_math.o(.constdata)
    gps_petrol_out_config                    0x0801b02c   Data          28  drv_gps.o(.constdata)
    gps_pvt_out_config                       0x0801b048   Data          90  drv_gps.o(.constdata)
    gps_rate_out_config                      0x0801b0a2   Data          16  drv_gps.o(.constdata)
    Enter_Send                               0x0801b0b2   Data           9  drv_gps.o(.constdata)
    Region$$Table$$Base                      0x0801b200   Number         0  anon$$obj.o(Region$$Table)
    Region$$Table$$Limit                     0x0801b220   Number         0  anon$$obj.o(Region$$Table)
    of_init_type                             0x20000054   Data           1  bsp_init.o(.data)
    checkdata_to_send                        0x20000056   Data           1  ano_dt.o(.data)
    checksum_to_send                         0x20000057   Data           1  ano_dt.o(.data)
    flash_save_en_cnt                        0x2000005a   Data           2  ano_dt.o(.data)
    chn_en_bit                               0x20000079   Data           1  ano_rc.o(.data)
    signal_intensity                         0x2000007a   Data           2  ano_rc.o(.data)
    unlock_f                                 0x2000007c   Data           2  ano_rc.o(.data)
    stick_fun_0                              0x2000007e   Data           1  ano_rc.o(.data)
    unlock_time                              0x20000080   Data           2  ano_rc.o(.data)
    test_si_cnt                              0x20000082   Data           2  ano_rc.o(.data)
    cali_gyro                                0x20000084   Data           2  ano_rc.o(.data)
    cali_acc                                 0x20000086   Data           2  ano_rc.o(.data)
    cali_surface                             0x20000088   Data           2  ano_rc.o(.data)
    cali_mag                                 0x2000008a   Data           4  ano_rc.o(.data)
    stick_fun_1                              0x2000008e   Data           1  ano_rc.o(.data)
    stick_fun_2                              0x2000008f   Data           1  ano_rc.o(.data)
    stick_fun_3                              0x20000090   Data           1  ano_rc.o(.data)
    stick_fun_4                              0x20000091   Data           1  ano_rc.o(.data)
    stick_fun_5_magcali                      0x20000092   Data           1  ano_rc.o(.data)
    OF_STATE                                 0x20000098   Data           1  ano_of.o(.data)
    OF_QUALITY                               0x20000099   Data           1  ano_of.o(.data)
    OF_DX                                    0x2000009a   Data           1  ano_of.o(.data)
    OF_DY                                    0x2000009b   Data           1  ano_of.o(.data)
    OF_DX2                                   0x2000009c   Data           2  ano_of.o(.data)
    OF_DY2                                   0x2000009e   Data           2  ano_of.o(.data)
    OF_DX2FIX                                0x200000a0   Data           2  ano_of.o(.data)
    OF_DY2FIX                                0x200000a2   Data           2  ano_of.o(.data)
    OF_ALT                                   0x200000a4   Data           2  ano_of.o(.data)
    OF_ALT2                                  0x200000a6   Data           2  ano_of.o(.data)
    OF_GYR_X                                 0x200000a8   Data           2  ano_of.o(.data)
    OF_GYR_Y                                 0x200000aa   Data           2  ano_of.o(.data)
    OF_GYR_Z                                 0x200000ac   Data           2  ano_of.o(.data)
    OF_GYR_X2                                0x200000ae   Data           2  ano_of.o(.data)
    OF_GYR_Y2                                0x200000b0   Data           2  ano_of.o(.data)
    OF_GYR_Z2                                0x200000b2   Data           2  ano_of.o(.data)
    OF_ACC_X                                 0x200000b4   Data           2  ano_of.o(.data)
    OF_ACC_Y                                 0x200000b6   Data           2  ano_of.o(.data)
    OF_ACC_Z                                 0x200000b8   Data           2  ano_of.o(.data)
    OF_ACC_X2                                0x200000ba   Data           2  ano_of.o(.data)
    OF_ACC_Y2                                0x200000bc   Data           2  ano_of.o(.data)
    OF_ACC_Z2                                0x200000be   Data           2  ano_of.o(.data)
    OF_ATT_ROL                               0x200000c0   Data           4  ano_of.o(.data)
    OF_ATT_PIT                               0x200000c4   Data           4  ano_of.o(.data)
    OF_ATT_YAW                               0x200000c8   Data           4  ano_of.o(.data)
    OF_ATT_S1                                0x200000cc   Data           4  ano_of.o(.data)
    OF_ATT_S2                                0x200000d0   Data           4  ano_of.o(.data)
    OF_ATT_S3                                0x200000d4   Data           4  ano_of.o(.data)
    OF_ATT_S4                                0x200000d8   Data           4  ano_of.o(.data)
    HID_SEND_TIMEOUT                         0x200000e6   Data           1  ano_usb.o(.data)
    hid_datatemp_begin                       0x200000e7   Data           1  ano_usb.o(.data)
    hid_datatemp_end                         0x200000e8   Data           1  ano_usb.o(.data)
    USBD_AltSetting                          0x200000ea   Data           1  usb_config.o(.data)
    USBD_HID_PollingCnt                      0x200000ec   Data           2  usb_config.o(.data)
    USBD_HID_IdleCnt                         0x200000ee   Data           1  usb_config.o(.data)
    USBD_HID_IdleReload                      0x200000ef   Data           1  usb_config.o(.data)
    USBD_HID_IdleSet                         0x200000f0   Data           1  usb_config.o(.data)
    USBD_HID_FeatReport                      0x200000f1   Data           2  usb_config.o(.data)
    opmv_ct_sta                              0x20000101   Data           3  ano_opmv_ctrl.o(.data)
    k                                        0x2000010a   Data           1  ano_opmv_cbtracking_ctrl.o(.data)
    p                                        0x20000118   Data           1  ano_opmv_linetracking_ctrl.o(.data)
    of_buf_update_flag                       0x20000134   Data           1  ano_of_decofusion.o(.data)
    of_rot_d_degs                            0x20000138   Data           8  ano_of_decofusion.o(.data)
    of_fus_err                               0x20000140   Data           8  ano_of_decofusion.o(.data)
    of_fus_err_i                             0x20000148   Data           8  ano_of_decofusion.o(.data)
    switchs                                  0x20000164   Data           8  ano_fcdata.o(.data)
    imu_data                                 0x20000178   Data         232  ano_imu.o(.data)
    imu_state                                0x20000294   Data          24  ano_imu.o(.data)
    ref_height_old                           0x200002cc   Data           4  ano_motioncal.o(.data)
    ref_speed_old                            0x200002d0   Data           4  ano_motioncal.o(.data)
    wcz_ref_height                           0x200002d4   Data           4  ano_motioncal.o(.data)
    wcz_ref_speed                            0x200002d8   Data           4  ano_motioncal.o(.data)
    wcz_ref_acc                              0x200002dc   Data           4  ano_motioncal.o(.data)
    acc_z_auto                               0x200002e8   Data           8  ano_sensor_basic.o(.data)
    acc_sum_cnt                              0x200002f0   Data           2  ano_sensor_basic.o(.data)
    gyro_sum_cnt                             0x200002f2   Data           2  ano_sensor_basic.o(.data)
    acc_z_auto_cnt                           0x200002f4   Data           2  ano_sensor_basic.o(.data)
    g_old                                    0x200002f6   Data           6  ano_sensor_basic.o(.data)
    g_d_sum                                  0x200002fc   Data          12  ano_sensor_basic.o(.data)
    roll_gz_comp                             0x20000308   Data           2  ano_sensor_basic.o(.data)
    wh_matrix                                0x2000030c   Data          36  ano_sensor_basic.o(.data)
    flying_cnt                               0x20000356   Data           2  ano_flightctrl.o(.data)
    landing_cnt                              0x20000358   Data           2  ano_flightctrl.o(.data)
    stop_baro_hpf                            0x2000035c   Data           4  ano_flightctrl.o(.data)
    jsdata                                   0x2000036c   Data           6  ano_flightctrl.o(.data)
    speed_mode_old                           0x20000372   Data           1  ano_flightctrl.o(.data)
    flight_mode_old                          0x20000373   Data           1  ano_flightctrl.o(.data)
    vel_fb_d_lpf                             0x2000038c   Data           8  ano_locctrl.o(.data)
    vel_fb_h                                 0x20000394   Data           8  ano_locctrl.o(.data)
    vel_fb_w                                 0x2000039c   Data           8  ano_locctrl.o(.data)
    vel_fb_fix_w                             0x200003a4   Data           8  ano_locctrl.o(.data)
    mag                                      0x200003c4   Data           8  ano_magprocess.o(.data)
    motor                                    0x200003d8   Data           8  ano_motorctrl.o(.data)
    motor_step                               0x200003e0   Data           8  ano_motorctrl.o(.data)
    IDLING                                   0x200003ea   Data           2  ano_motorctrl.o(.data)
    Plane_Votage                             0x200003ec   Data           4  ano_power.o(.data)
    test_time_cnt                            0x200003f8   Data           2  ano_flightdatacal.o(.data)
    baro_height                              0x20000404   Data           4  ano_flightdatacal.o(.data)
    baro_h_offset                            0x20000408   Data           4  ano_flightdatacal.o(.data)
    ref_height_get_1                         0x2000040c   Data           4  ano_flightdatacal.o(.data)
    ref_height_get_2                         0x20000410   Data           4  ano_flightdatacal.o(.data)
    ref_height_used                          0x20000414   Data           4  ano_flightdatacal.o(.data)
    baro2tof_offset                          0x20000418   Data           4  ano_flightdatacal.o(.data)
    tof2baro_offset                          0x2000041c   Data           4  ano_flightdatacal.o(.data)
    baro_fix1                                0x20000420   Data           4  ano_flightdatacal.o(.data)
    baro_fix2                                0x20000424   Data           4  ano_flightdatacal.o(.data)
    baro_fix                                 0x20000428   Data           4  ano_flightdatacal.o(.data)
    wcz_acc_use                              0x20000430   Data           4  ano_flightdatacal.o(.data)
    ref_tof_height                           0x20000434   Data           2  ano_flightdatacal.o(.data)
    led_accuracy                             0x2000043c   Data           2  drv_led.o(.data)
    LED_Brightness                           0x20000440   Data          16  drv_led.o(.data)
    AdcValue                                 0x20000464   Data           2  drv_adc.o(.data)
    para_sta                                 0x20000466   Data           4  ano_parameter.o(.data)
    sysTickUptime                            0x20000490   Data           4  drv_time.o(.data)
    systime_ms                               0x20000494   Data           4  drv_time.o(.data)
    TxCounter                                0x20000498   Data           1  drv_usart.o(.data)
    count                                    0x20000499   Data           1  drv_usart.o(.data)
    Tx3Counter                               0x2000049a   Data           1  drv_usart.o(.data)
    count3                                   0x2000049b   Data           1  drv_usart.o(.data)
    Tx4Counter                               0x2000049c   Data           1  drv_usart.o(.data)
    count4                                   0x2000049d   Data           1  drv_usart.o(.data)
    Tx5Counter                               0x2000049e   Data           1  drv_usart.o(.data)
    count5                                   0x2000049f   Data           1  drv_usart.o(.data)
    baro_Offset                              0x200004ac   Data           4  drv_spl06.o(.data)
    alt_3                                    0x200004b0   Data           4  drv_spl06.o(.data)
    height                                   0x200004b4   Data           4  drv_spl06.o(.data)
    baro_start                               0x200004b8   Data           1  drv_spl06.o(.data)
    temperature                              0x200004bc   Data           4  drv_spl06.o(.data)
    alt_high                                 0x200004c0   Data           4  drv_spl06.o(.data)
    baro_pressure                            0x200004c4   Data           4  drv_spl06.o(.data)
    OutMaxPacketSize                         0x200004c8   Data          16  usbd_stm32f4xx_fs.o(.data)
    InPacketDataPtr                          0x200004d8   Data          16  usbd_stm32f4xx_fs.o(.data)
    InPacketDataReady                        0x200004e8   Data           4  usbd_stm32f4xx_fs.o(.data)
    SyncWriteEP                              0x200004ec   Data           4  usbd_stm32f4xx_fs.o(.data)
    IsoOutTokenRead                          0x200004f0   Data           4  usbd_stm32f4xx_fs.o(.data)
    len                                      0x200004f8   Data           2  drv_gps.o(.data)
    wcx_acc_use                              0x200004fc   Data           4  drv_gps.o(.data)
    wcy_acc_use                              0x20000500   Data           4  drv_gps.o(.data)
    GPS_get_cnt                              0x20000504   Data           1  drv_gps.o(.data)
    temperature_err                          0x20000514   Data           4  drv_heating.o(.data)
    temperature_err_i                        0x20000518   Data           4  drv_heating.o(.data)
    temperature_diff                         0x2000051c   Data           4  drv_heating.o(.data)
    temperature_ctrl_val                     0x20000520   Data           4  drv_heating.o(.data)
    sbus_flag                                0x20000527   Data           1  drv_sbus.o(.data)
    LASER_LINKOK                             0x2000052a   Data           1  drv_laser.o(.data)
    Laser_height_cm                          0x2000052c   Data           2  drv_laser.o(.data)
    offline_check_time                       0x20000530   Data           2  drv_openmv.o(.data)
    of_init_cnt                              0x20000534   Data           1  drv_up_flow.o(.data)
    of_buf_update_cnt                        0x20000535   Data           1  drv_up_flow.o(.data)
    SystemCoreClock                          0x20000548   Data           4  system_stm32f4xx.o(.data)
    AHBPrescTable                            0x2000054c   Data          16  system_stm32f4xx.o(.data)
    USBD_DeviceStatus                        0x2000055c   Data           2  usbd_core.o(.data)
    USBD_DeviceAddress                       0x2000055e   Data           1  usbd_core.o(.data)
    USBD_Configuration                       0x2000055f   Data           1  usbd_core.o(.data)
    USBD_EndPointMask                        0x20000560   Data           4  usbd_core.o(.data)
    USBD_EndPointHalt                        0x20000564   Data           4  usbd_core.o(.data)
    USBD_EndPointStall                       0x20000568   Data           4  usbd_core.o(.data)
    USBD_NumInterfaces                       0x2000056c   Data           1  usbd_core.o(.data)
    USBD_HighSpeed                           0x2000056d   Data           1  usbd_core.o(.data)
    USBD_ZLP                                 0x2000056e   Data           1  usbd_core.o(.data)
    USBD_EP0Data                             0x20000570   Data           8  usbd_core.o(.data)
    USBD_SetupPacket                         0x20000578   Data           8  usbd_core.o(.data)
    USBD_HID_Protocol                        0x20000580   Data           1  usbd_hid.o(.data)
    DataOutAsyncReq                          0x20000584   Data           4  usbd_hid.o(.data)
    DataOutUpdateReqMask                     0x20000588   Data           4  usbd_hid.o(.data)
    ptrDataOut                               0x2000058c   Data           4  usbd_hid.o(.data)
    DataOutToSendLen                         0x20000590   Data           2  usbd_hid.o(.data)
    DataOutSentLen                           0x20000592   Data           2  usbd_hid.o(.data)
    DataOutEndWithShortPacket                0x20000594   Data           4  usbd_hid.o(.data)
    ptrDataIn                                0x20000598   Data           4  usbd_hid.o(.data)
    DataInReceLen                            0x2000059c   Data           2  usbd_hid.o(.data)
    ptrDataFeat                              0x200005a0   Data           4  usbd_hid.o(.data)
    DataFeatReceLen                          0x200005a4   Data           2  usbd_hid.o(.data)
    test_dT_1000hz                           0x200005a8   Data          12  ano_scheduler.o(.bss)
    test_rT                                  0x200005b4   Data          24  ano_scheduler.o(.bss)
    ParValList                               0x200005cc   Data         400  ano_dt.o(.bss)
    f                                        0x2000075c   Data          22  ano_dt.o(.bss)
    data_to_send                             0x20000772   Data          50  ano_dt.o(.bss)
    CH_N                                     0x200008b8   Data          16  ano_rc.o(.bss)
    hid_datatemp                             0x200008fa   Data         256  ano_usb.o(.bss)
    hid_data2send                            0x200009fa   Data          64  ano_usb.o(.bss)
    USBD_EP0Buf                              0x20000a40   Data          64  usb_config.o(.bss)
    USBD_HID_InReport                        0x20000a80   Data          65  usb_config.o(.bss)
    USBD_HID_OutReport                       0x20000ac1   Data          65  usb_config.o(.bss)
    stk_usb_msc_task                         0x20000b08   Data         600  usb_config.o(.bss)
    program_ctrl                             0x20000d60   Data          84  ano_flyctrl.o(.bss)
    uwb_data                                 0x20000db4   Data          60  ano_uwb.o(.bss)
    pc_user                                  0x20000ff0   Data          32  ano_programctrl_user.o(.bss)
    ano_opmv_cbt_ctrl                        0x20001010   Data          52  ano_opmv_cbtracking_ctrl.o(.bss)
    ano_opmv_lt_ctrl                         0x20001054   Data          32  ano_opmv_linetracking_ctrl.o(.bss)
    of_data                                  0x20001074   Data          10  ano_of_decofusion.o(.bss)
    of_rdf                                   0x20001080   Data          72  ano_of_decofusion.o(.bss)
    save                                     0x200010c8   Data          64  ano_fcdata.o(.bss)
    flag                                     0x20001108   Data          30  ano_fcdata.o(.bss)
    fc_stv                                   0x20001128   Data          16  ano_fcdata.o(.bss)
    sens_hd_check                            0x20001138   Data           9  ano_fcdata.o(.bss)
    att_matrix                               0x20001144   Data          36  ano_imu.o(.bss)
    imu_test                                 0x2000118c   Data          12  ano_imu.o(.bss)
    wcz_acc_fus                              0x20001198   Data          28  ano_motioncal.o(.bss)
    wcz_spe_fus                              0x200011b4   Data          24  ano_motioncal.o(.bss)
    wcz_hei_fus                              0x200011cc   Data          24  ano_motioncal.o(.bss)
    center_pos                               0x200011e4   Data          60  ano_sensor_basic.o(.bss)
    sensor                                   0x20001220   Data          80  ano_sensor_basic.o(.bss)
    sensor_val                               0x20001270   Data          24  ano_sensor_basic.o(.bss)
    sensor_val_rot                           0x20001288   Data          24  ano_sensor_basic.o(.bss)
    sensor_val_ref                           0x200012a0   Data          24  ano_sensor_basic.o(.bss)
    sum_temp                                 0x200012b8   Data          28  ano_sensor_basic.o(.bss)
    acc_auto_sum_temp                        0x200012d4   Data          12  ano_sensor_basic.o(.bss)
    alt_arg_2                                0x20001358   Data          24  ano_altctrl.o(.bss)
    alt_val_2                                0x20001370   Data          40  ano_altctrl.o(.bss)
    alt_arg_1                                0x20001398   Data          24  ano_altctrl.o(.bss)
    alt_val_1                                0x200013b0   Data          40  ano_altctrl.o(.bss)
    arg_2                                    0x200013d8   Data          72  ano_attctrl.o(.bss)
    arg_1                                    0x20001420   Data          72  ano_attctrl.o(.bss)
    val_2                                    0x20001468   Data         120  ano_attctrl.o(.bss)
    val_1                                    0x200014e0   Data         120  ano_attctrl.o(.bss)
    att_2l_ct                                0x20001558   Data          36  ano_attctrl.o(.bss)
    att_1l_ct                                0x2000157c   Data          28  ano_attctrl.o(.bss)
    rolling_flag                             0x200015a8   Data          24  ano_attctrl.o(.bss)
    fs                                       0x200015c0   Data          52  ano_flightctrl.o(.bss)
    loc_arg_1                                0x200015f4   Data          48  ano_locctrl.o(.bss)
    loc_val_1                                0x20001624   Data          80  ano_locctrl.o(.bss)
    loc_arg_1_fix                            0x20001674   Data          48  ano_locctrl.o(.bss)
    loc_val_1_fix                            0x200016a4   Data          80  ano_locctrl.o(.bss)
    loc_ctrl_1                               0x200016f4   Data          36  ano_locctrl.o(.bss)
    loc_ctrl_2                               0x20001718   Data          36  ano_locctrl.o(.bss)
    mc                                       0x2000173c   Data          16  ano_motorctrl.o(.bss)
    LED_STA                                  0x2000174c   Data          15  drv_led.o(.bss)
    Ano_Parame                               0x2000175b   Data        4096  ano_parameter.o(.bss)
    Rc_Pwm_In                                0x2000275c   Data          16  drv_pwm_in.o(.bss)
    Rc_Ppm_In                                0x2000276c   Data          16  drv_pwm_in.o(.bss)
    TxBuffer                                 0x2000277c   Data         256  drv_usart.o(.bss)
    Rx_Buf                                   0x2000287c   Data         256  drv_usart.o(.bss)
    Tx3Buffer                                0x2000297c   Data         256  drv_usart.o(.bss)
    Tx4Buffer                                0x20002a7c   Data         256  drv_usart.o(.bss)
    Tx5Buffer                                0x20002b7c   Data         256  drv_usart.o(.bss)
    mpu_buffer                               0x20002c7c   Data          14  drv_icm20602.o(.bss)
    HID_IntInPacketData                      0x20002cc4   Data          64  usbd_stm32f4xx_fs.o(.bss)
    IsoOutPacketDataPtr                      0x20002d04   Data          16  usbd_stm32f4xx_fs.o(.bss)
    InPacketDataCnt                          0x20002d14   Data          16  usbd_stm32f4xx_fs.o(.bss)
    IsoOutPacketDataCnt                      0x20002d24   Data          16  usbd_stm32f4xx_fs.o(.bss)
    Gps_information                          0x20002d38   Data         112  drv_gps.o(.bss)
    Gps_send_Temp                            0x20002da8   Data          20  drv_gps.o(.bss)
    GPS_data_buff                            0x20002dbc   Data         100  drv_gps.o(.bss)
    temperature_fb                           0x20002e20   Data          12  drv_heating.o(.bss)
    Rc_Sbus_In                               0x20002e2c   Data          32  drv_sbus.o(.bss)
    openmv_buf                               0x20002e6e   Data          20  drv_openmv.o(.bss)
    opmv                                     0x20002e82   Data          26  drv_openmv.o(.bss)
    OF_DATA                                  0x20002e9c   Data          14  drv_up_flow.o(.bss)
    __initial_sp                             0x200036b8   Data           0  startup_stm32f4xx.o(STACK)



==============================================================================

Memory Map of the image

  Image Entry point : 0x08000189

  Load Region LR_IROM1 (Base: 0x08000000, Size: 0x0001b7c8, Max: 0x00100000, ABSOLUTE, COMPRESSED[0x0001b2b4])

    Execution Region ER_IROM1 (Base: 0x08000000, Size: 0x0001b220, Max: 0x00100000, ABSOLUTE)

    Base Addr    Size         Type   Attr      Idx    E Section Name        Object

    0x08000000   0x00000188   Data   RO         1849    RESET               startup_stm32f4xx.o
    0x08000188   0x00000000   Code   RO         1923  * .ARM.Collect$$$$00000000  mc_w.l(entry.o)
    0x08000188   0x00000004   Code   RO         1946    .ARM.Collect$$$$00000001  mc_w.l(entry2.o)
    0x0800018c   0x00000004   Code   RO         1949    .ARM.Collect$$$$00000004  mc_w.l(entry5.o)
    0x08000190   0x00000000   Code   RO         1951    .ARM.Collect$$$$00000008  mc_w.l(entry7b.o)
    0x08000190   0x00000000   Code   RO         1953    .ARM.Collect$$$$0000000A  mc_w.l(entry8b.o)
    0x08000190   0x00000008   Code   RO         1954    .ARM.Collect$$$$0000000B  mc_w.l(entry9a.o)
    0x08000198   0x00000000   Code   RO         1956    .ARM.Collect$$$$0000000D  mc_w.l(entry10a.o)
    0x08000198   0x00000000   Code   RO         1958    .ARM.Collect$$$$0000000F  mc_w.l(entry11a.o)
    0x08000198   0x00000004   Code   RO         1947    .ARM.Collect$$$$00002712  mc_w.l(entry2.o)
    0x0800019c   0x0000001c   Code   RO            2    .text               main.o
    0x080001b8   0x000001f4   Code   RO          136    .text               ano_scheduler.o
    0x080003ac   0x000000fc   Code   RO          264    .text               bsp_init.o
    0x080004a8   0x000022fc   Code   RO          313    .text               ano_dt.o
    0x080027a4   0x000007d0   Code   RO          359    .text               ano_rc.o
    0x08002f74   0x0000035c   Code   RO          387    .text               ano_of.o
    0x080032d0   0x00000064   Code   RO          410    .text               stm32f4xx_it.o
    0x08003334   0x0000024c   Code   RO          426    .text               ano_usb.o
    0x08003580   0x00000052   Code   RO          503    .text               usb_config.o
    0x080035d2   0x00000002   PAD
    0x080035d4   0x000008f0   Code   RO          527    .text               ano_flyctrl.o
    0x08003ec4   0x000002dc   Code   RO          550    .text               ano_uwb.o
    0x080041a0   0x000000d0   Code   RO          573    .text               ano_programctrl_user.o
    0x08004270   0x000000ec   Code   RO          595    .text               ano_opmv_ctrl.o
    0x0800435c   0x000004b0   Code   RO          621    .text               ano_opmv_cbtracking_ctrl.o
    0x0800480c   0x0000056c   Code   RO          644    .text               ano_opmv_linetracking_ctrl.o
    0x08004d78   0x000005c4   Code   RO          667    .text               ano_of_decofusion.o
    0x0800533c   0x00000028   Code   RO          694    .text               ano_fcdata.o
    0x08005364   0x00000844   Code   RO          717    .text               ano_filter.o
    0x08005ba8   0x00000ba4   Code   RO          744    .text               ano_imu.o
    0x0800674c   0x0000087c   Code   RO          771    .text               ano_math.o
    0x08006fc8   0x000001fc   Code   RO          790    .text               ano_motioncal.o
    0x080071c4   0x00000120   Code   RO          840    .text               ano_pid.o
    0x080072e4   0x000007fc   Code   RO          859    .text               ano_sensor_basic.o
    0x08007ae0   0x000005f4   Code   RO          883    .text               ano_altctrl.o
    0x080080d4   0x000009a8   Code   RO          926    .text               ano_attctrl.o
    0x08008a7c   0x000008f4   Code   RO          957    .text               ano_flightctrl.o
    0x08009370   0x00000dc0   Code   RO         1002    .text               ano_locctrl.o
    0x0800a130   0x000004e0   Code   RO         1025    .text               ano_magprocess.o
    0x0800a610   0x00000228   Code   RO         1051    .text               ano_motorctrl.o
    0x0800a838   0x000001d4   Code   RO         1082    .text               ano_power.o
    0x0800aa0c   0x00000350   Code   RO         1104    .text               ano_flightdatacal.o
    0x0800ad5c   0x00000654   Code   RO         1128    .text               drv_led.o
    0x0800b3b0   0x00000124   Code   RO         1159    .text               drv_adc.o
    0x0800b4d4   0x00000448   Code   RO         1181    .text               ano_parameter.o
    0x0800b91c   0x0000012c   Code   RO         1204    .text               drv_spi.o
    0x0800ba48   0x00000890   Code   RO         1223    .text               drv_pwm_in.o
    0x0800c2d8   0x0000031c   Code   RO         1250    .text               drv_pwm_out.o
    0x0800c5f4   0x000001b8   Code   RO         1269    .text               drv_time.o
    0x0800c7ac   0x0000069c   Code   RO         1299    .text               drv_usart.o
    0x0800ce48   0x00000104   Code   RO         1334    .text               drv_ak8975.o
    0x0800cf4c   0x00000358   Code   RO         1355    .text               drv_icm20602.o
    0x0800d2a4   0x000006f8   Code   RO         1380    .text               drv_spl06.o
    0x0800d99c   0x000003c8   Code   RO         1403    .text               drv_w25qxx.o
    0x0800dd64   0x000012b8   Code   RO         1428    .text               usbd_stm32f4xx_fs.o
    0x0800f01c   0x0000072c   Code   RO         1455    .text               drv_gps.o
    0x0800f748   0x00000384   Code   RO         1480    .text               drv_heating.o
    0x0800facc   0x000002c0   Code   RO         1503    .text               drv_sbus.o
    0x0800fd8c   0x00000104   Code   RO         1526    .text               drv_laser.o
    0x0800fe90   0x000001e8   Code   RO         1549    .text               drv_openmv.o
    0x08010078   0x00000224   Code   RO         1572    .text               drv_up_flow.o
    0x0801029c   0x000001ec   Code   RO         1600    .text               misc.o
    0x08010488   0x0000107c   Code   RO         1616    .text               stm32f4xx_adc.o
    0x08011504   0x000013cc   Code   RO         1648    .text               stm32f4xx_dma.o
    0x080128d0   0x0000030c   Code   RO         1664    .text               stm32f4xx_exti.o
    0x08012bdc   0x00000916   Code   RO         1696    .text               stm32f4xx_gpio.o
    0x080134f2   0x00000002   PAD
    0x080134f4   0x00000d7c   Code   RO         1744    .text               stm32f4xx_rcc.o
    0x08014270   0x00000bc8   Code   RO         1762    .text               stm32f4xx_spi.o
    0x08014e38   0x00000184   Code   RO         1778    .text               stm32f4xx_syscfg.o
    0x08014fbc   0x00003294   Code   RO         1794    .text               stm32f4xx_tim.o
    0x08018250   0x00000eb4   Code   RO         1810    .text               stm32f4xx_usart.o
    0x08019104   0x00000210   Code   RO         1826    .text               system_stm32f4xx.o
    0x08019314   0x00000024   Code   RO         1850    .text               startup_stm32f4xx.o
    0x08019338   0x00000a30   Code   RO         1855    .text               usbd_core.o
    0x08019d68   0x000001b0   Code   RO         1896    .text               usbd_core_hid.o
    0x08019f18   0x00000604   Code   RO         1908    .text               usbd_hid.o
    0x0801a51c   0x00000024   Code   RO         1926    .text               mc_w.l(memcpya.o)
    0x0801a540   0x0000014e   Code   RO         1930    .text               mf_w.l(dadd.o)
    0x0801a68e   0x000000e4   Code   RO         1932    .text               mf_w.l(dmul.o)
    0x0801a772   0x00000022   Code   RO         1934    .text               mf_w.l(dflti.o)
    0x0801a794   0x0000003e   Code   RO         1936    .text               mf_w.l(dfixi.o)
    0x0801a7d2   0x00000026   Code   RO         1938    .text               mf_w.l(f2d.o)
    0x0801a7f8   0x00000030   Code   RO         1940    .text               mf_w.l(cdcmple.o)
    0x0801a828   0x00000030   Code   RO         1942    .text               mf_w.l(cdrcmple.o)
    0x0801a858   0x00000038   Code   RO         1944    .text               mf_w.l(d2f.o)
    0x0801a890   0x0000001e   Code   RO         1960    .text               mc_w.l(llshl.o)
    0x0801a8ae   0x00000020   Code   RO         1962    .text               mc_w.l(llushr.o)
    0x0801a8ce   0x00000024   Code   RO         1964    .text               mc_w.l(llsshr.o)
    0x0801a8f2   0x00000000   Code   RO         1966    .text               mc_w.l(iusefp.o)
    0x0801a8f2   0x0000006e   Code   RO         1967    .text               mf_w.l(fepilogue.o)
    0x0801a960   0x000000ba   Code   RO         1969    .text               mf_w.l(depilogue.o)
    0x0801aa1a   0x00000002   PAD
    0x0801aa1c   0x00000024   Code   RO         1971    .text               mc_w.l(init.o)
    0x0801aa40   0x00000056   Code   RO         1981    .text               mc_w.l(__dczerorl2.o)
    0x0801aa96   0x0000000e   Code   RO         1975    i.__scatterload_copy  mc_w.l(handlers.o)
    0x0801aaa4   0x00000002   Code   RO         1976    i.__scatterload_null  mc_w.l(handlers.o)
    0x0801aaa6   0x0000000e   Code   RO         1977    i.__scatterload_zeroinit  mc_w.l(handlers.o)
    0x0801aab4   0x00000174   Data   RO          505    .constdata          usb_config.o
    0x0801ac28   0x00000404   Data   RO          772    .constdata          ano_math.o
    0x0801b02c   0x0000008f   Data   RO         1457    .constdata          drv_gps.o
    0x0801b0bb   0x00000142   Data   RO         1574    .constdata          drv_up_flow.o
    0x0801b1fd   0x00000003   PAD
    0x0801b200   0x00000020   Data   RO         1973    Region$$Table       anon$$obj.o


    Execution Region RW_IRAM2 (Base: 0x10000000, Size: 0x00000000, Max: 0x00010000, ABSOLUTE)

    **** No section assigned to this execution region ****


    Execution Region RW_IRAM1 (Base: 0x20000000, Size: 0x000036b8, Max: 0x00020000, ABSOLUTE, COMPRESSED[0x00000094])

    Base Addr    Size         Type   Attr      Idx    E Section Name        Object

    0x20000000   0x00000054   Data   RW          138    .data               ano_scheduler.o
    0x20000054   0x00000001   Data   RW          265    .data               bsp_init.o
    0x20000055   0x00000001   PAD
    0x20000056   0x00000021   Data   RW          315    .data               ano_dt.o
    0x20000077   0x00000001   PAD
    0x20000078   0x0000001f   Data   RW          361    .data               ano_rc.o
    0x20000097   0x00000001   PAD
    0x20000098   0x0000004e   Data   RW          389    .data               ano_of.o
    0x200000e6   0x00000004   Data   RW          428    .data               ano_usb.o
    0x200000ea   0x00000009   Data   RW          506    .data               usb_config.o
    0x200000f3   0x00000001   PAD
    0x200000f4   0x00000005   Data   RW          529    .data               ano_flyctrl.o
    0x200000f9   0x00000001   PAD
    0x200000fa   0x00000007   Data   RW          552    .data               ano_uwb.o
    0x20000101   0x00000003   Data   RW          596    .data               ano_opmv_ctrl.o
    0x20000104   0x00000014   Data   RW          623    .data               ano_opmv_cbtracking_ctrl.o
    0x20000118   0x0000001c   Data   RW          646    .data               ano_opmv_linetracking_ctrl.o
    0x20000134   0x00000030   Data   RW          669    .data               ano_of_decofusion.o
    0x20000164   0x00000008   Data   RW          696    .data               ano_fcdata.o
    0x2000016c   0x0000000c   Data   RW          718    .data               ano_filter.o
    0x20000178   0x00000154   Data   RW          746    .data               ano_imu.o
    0x200002cc   0x00000019   Data   RW          792    .data               ano_motioncal.o
    0x200002e5   0x00000003   PAD
    0x200002e8   0x00000049   Data   RW          861    .data               ano_sensor_basic.o
    0x20000331   0x00000003   PAD
    0x20000334   0x0000000e   Data   RW          885    .data               ano_altctrl.o
    0x20000342   0x00000002   PAD
    0x20000344   0x00000010   Data   RW          928    .data               ano_attctrl.o
    0x20000354   0x0000002c   Data   RW          959    .data               ano_flightctrl.o
    0x20000380   0x00000036   Data   RW         1004    .data               ano_locctrl.o
    0x200003b6   0x00000002   PAD
    0x200003b8   0x00000020   Data   RW         1026    .data               ano_magprocess.o
    0x200003d8   0x00000014   Data   RW         1053    .data               ano_motorctrl.o
    0x200003ec   0x0000000c   Data   RW         1083    .data               ano_power.o
    0x200003f8   0x00000041   Data   RW         1105    .data               ano_flightdatacal.o
    0x20000439   0x00000003   PAD
    0x2000043c   0x00000027   Data   RW         1130    .data               drv_led.o
    0x20000463   0x00000001   PAD
    0x20000464   0x00000002   Data   RW         1160    .data               drv_adc.o
    0x20000466   0x00000004   Data   RW         1183    .data               ano_parameter.o
    0x2000046a   0x00000024   Data   RW         1225    .data               drv_pwm_in.o
    0x2000048e   0x00000002   PAD
    0x20000490   0x00000008   Data   RW         1270    .data               drv_time.o
    0x20000498   0x00000008   Data   RW         1301    .data               drv_usart.o
    0x200004a0   0x00000006   Data   RW         1335    .data               drv_ak8975.o
    0x200004a6   0x00000002   PAD
    0x200004a8   0x00000020   Data   RW         1382    .data               drv_spl06.o
    0x200004c8   0x00000030   Data   RW         1430    .data               usbd_stm32f4xx_fs.o
    0x200004f8   0x00000019   Data   RW         1458    .data               drv_gps.o
    0x20000511   0x00000003   PAD
    0x20000514   0x00000013   Data   RW         1482    .data               drv_heating.o
    0x20000527   0x00000002   Data   RW         1505    .data               drv_sbus.o
    0x20000529   0x00000001   PAD
    0x2000052a   0x00000006   Data   RW         1528    .data               drv_laser.o
    0x20000530   0x00000004   Data   RW         1551    .data               drv_openmv.o
    0x20000534   0x00000004   Data   RW         1575    .data               drv_up_flow.o
    0x20000538   0x00000010   Data   RW         1745    .data               stm32f4xx_rcc.o
    0x20000548   0x00000014   Data   RW         1827    .data               system_stm32f4xx.o
    0x2000055c   0x00000024   Data   RW         1856    .data               usbd_core.o
    0x20000580   0x00000027   Data   RW         1909    .data               usbd_hid.o
    0x200005a7   0x00000001   PAD
    0x200005a8   0x00000024   Zero   RW          137    .bss                ano_scheduler.o
    0x200005cc   0x000002d8   Zero   RW          314    .bss                ano_dt.o
    0x200008a4   0x00000024   Zero   RW          360    .bss                ano_rc.o
    0x200008c8   0x00000032   Zero   RW          388    .bss                ano_of.o
    0x200008fa   0x00000140   Zero   RW          427    .bss                ano_usb.o
    0x20000a3a   0x00000006   PAD
    0x20000a40   0x00000320   Zero   RW          504    .bss                usb_config.o
    0x20000d60   0x00000054   Zero   RW          528    .bss                ano_flyctrl.o
    0x20000db4   0x0000023c   Zero   RW          551    .bss                ano_uwb.o
    0x20000ff0   0x00000020   Zero   RW          574    .bss                ano_programctrl_user.o
    0x20001010   0x00000044   Zero   RW          622    .bss                ano_opmv_cbtracking_ctrl.o
    0x20001054   0x00000020   Zero   RW          645    .bss                ano_opmv_linetracking_ctrl.o
    0x20001074   0x00000054   Zero   RW          668    .bss                ano_of_decofusion.o
    0x200010c8   0x00000079   Zero   RW          695    .bss                ano_fcdata.o
    0x20001141   0x00000003   PAD
    0x20001144   0x00000054   Zero   RW          745    .bss                ano_imu.o
    0x20001198   0x0000004c   Zero   RW          791    .bss                ano_motioncal.o
    0x200011e4   0x00000174   Zero   RW          860    .bss                ano_sensor_basic.o
    0x20001358   0x00000080   Zero   RW          884    .bss                ano_altctrl.o
    0x200013d8   0x000001e8   Zero   RW          927    .bss                ano_attctrl.o
    0x200015c0   0x00000034   Zero   RW          958    .bss                ano_flightctrl.o
    0x200015f4   0x00000148   Zero   RW         1003    .bss                ano_locctrl.o
    0x2000173c   0x00000010   Zero   RW         1052    .bss                ano_motorctrl.o
    0x2000174c   0x0000000f   Zero   RW         1129    .bss                drv_led.o
    0x2000175b   0x00001000   Zero   RW         1182    .bss                ano_parameter.o
    0x2000275b   0x00000001   PAD
    0x2000275c   0x00000020   Zero   RW         1224    .bss                drv_pwm_in.o
    0x2000277c   0x00000500   Zero   RW         1300    .bss                drv_usart.o
    0x20002c7c   0x0000000e   Zero   RW         1356    .bss                drv_icm20602.o
    0x20002c8a   0x00000002   PAD
    0x20002c8c   0x0000002c   Zero   RW         1381    .bss                drv_spl06.o
    0x20002cb8   0x0000000c   Zero   RW         1404    .bss                drv_w25qxx.o
    0x20002cc4   0x00000070   Zero   RW         1429    .bss                usbd_stm32f4xx_fs.o
    0x20002d34   0x00000004   PAD
    0x20002d38   0x000000e8   Zero   RW         1456    .bss                drv_gps.o
    0x20002e20   0x0000000c   Zero   RW         1481    .bss                drv_heating.o
    0x20002e2c   0x00000039   Zero   RW         1504    .bss                drv_sbus.o
    0x20002e65   0x00000009   Zero   RW         1527    .bss                drv_laser.o
    0x20002e6e   0x0000002e   Zero   RW         1550    .bss                drv_openmv.o
    0x20002e9c   0x0000001c   Zero   RW         1573    .bss                drv_up_flow.o
    0x20002eb8   0x00000800   Zero   RW         1847    STACK               startup_stm32f4xx.o


==============================================================================

Image component sizes


      Code (inc. data)   RO Data    RW Data    ZI Data      Debug   Object Name

      1524        146          0         14        128       2280   ano_altctrl.o
      2472        174          0         16        488       4613   ano_attctrl.o
      8956        278          0         33        728      16418   ano_dt.o
        40         10          0          8        121       3240   ano_fcdata.o
      2116         26          0         12          0       7599   ano_filter.o
      2292        246          0         44         52       5861   ano_flightctrl.o
       848        134          0         65          0       3091   ano_flightdatacal.o
      2288        368          0          5         84       3222   ano_flyctrl.o
      2980        178          0        340         84       5707   ano_imu.o
      3520        306          0         54        328       3770   ano_locctrl.o
      1248         96          0         32          0       3091   ano_magprocess.o
      2172        142       1028          0          0       7698   ano_math.o
       508         64          0         25         76       1691   ano_motioncal.o
       552         32          0         20         16       2175   ano_motorctrl.o
       860        122          0         78         50       3342   ano_of.o
      1476        124          0         48         84       4583   ano_of_decofusion.o
      1200         92          0         20         68       3720   ano_opmv_cbtracking_ctrl.o
       236         32          0          3          0       1243   ano_opmv_ctrl.o
      1388        100          0         28         32       3978   ano_opmv_linetracking_ctrl.o
      1096        102          0          4       4096       3224   ano_parameter.o
       288          4          0          0          0       1836   ano_pid.o
       468         62          0         12          0        934   ano_power.o
       208         26          0          0         32       1931   ano_programctrl_user.o
      2000        218          0         31         36       5786   ano_rc.o
       500         32          0         84         36       3561   ano_scheduler.o
      2044        130          0         73        372       5557   ano_sensor_basic.o
       588         24          0          4        320      15270   ano_usb.o
       732         48          0          7        572       2816   ano_uwb.o
       252         30          0          1          0        890   bsp_init.o
       292         18          0          2          0       1381   drv_adc.o
       260         10          0          6          0       1823   drv_ak8975.o
      1836        106        143         25        232       5660   drv_gps.o
       900        172          0         19         12       2297   drv_heating.o
       856         18          0          0         14       3342   drv_icm20602.o
       260         24          0          6          9       1393   drv_laser.o
      1620         72          0         39         15       4723   drv_led.o
       488         24          0          4         46       2768   drv_openmv.o
      2192        142          0         36         32       3058   drv_pwm_in.o
       796         38          0          0          0       1814   drv_pwm_out.o
       704         30          0          2         57       1888   drv_sbus.o
       300          8          0          0          0       1707   drv_spi.o
      1784         74          0         32         44       5554   drv_spl06.o
       440         18          0          8          0      21850   drv_time.o
       548         28        322          4         28       2063   drv_up_flow.o
      1692         98          0          8       1280       5166   drv_usart.o
       968         14          0          0         12       5241   drv_w25qxx.o
        28          4          0          0          0     305369   main.o
       492         74          0          0          0       2149   misc.o
        36          8        392          0       2048        900   startup_stm32f4xx.o
      4220        148          0          0          0      13458   stm32f4xx_adc.o
      5068        352          0          0          0       9077   stm32f4xx_dma.o
       780         70          0          0          0       2827   stm32f4xx_exti.o
      2326        132          0          0          0       5525   stm32f4xx_gpio.o
       100          0          0          0          0       2186   stm32f4xx_it.o
      3452        262          0         16          0      13631   stm32f4xx_rcc.o
      3016        118          0          0          0       8657   stm32f4xx_spi.o
       388         72          0          0          0       1891   stm32f4xx_syscfg.o
     12948        670          0          0          0      31324   stm32f4xx_tim.o
      3764        164          0          0          0      10204   stm32f4xx_usart.o
       528         46          0         20          0       2027   system_stm32f4xx.o
        82          0        372          9        800      15666   usb_config.o
      2608        202          0         36          0       7916   usbd_core.o
       432         68          0          0          0       1736   usbd_core_hid.o
      1540        184          0         39          0       6003   usbd_hid.o
      4792        220          0         48        112      27345   usbd_stm32f4xx_fs.o

    ----------------------------------------------------------------------
    107392       7034       2292       1448      12560     668746   Object Totals
         0          0         32          0          0          0   (incl. Generated)
         4          0          3         28         16          0   (incl. Padding)

    ----------------------------------------------------------------------

      Code (inc. data)   RO Data    RW Data    ZI Data      Debug   Library Member Name

        86          0          0          0          0          0   __dczerorl2.o
         0          0          0          0          0          0   entry.o
         0          0          0          0          0          0   entry10a.o
         0          0          0          0          0          0   entry11a.o
         8          4          0          0          0          0   entry2.o
         4          0          0          0          0          0   entry5.o
         0          0          0          0          0          0   entry7b.o
         0          0          0          0          0          0   entry8b.o
         8          4          0          0          0          0   entry9a.o
        30          0          0          0          0          0   handlers.o
        36          8          0          0          0         68   init.o
         0          0          0          0          0          0   iusefp.o
        30          0          0          0          0         68   llshl.o
        36          0          0          0          0         68   llsshr.o
        32          0          0          0          0         68   llushr.o
        36          0          0          0          0         68   memcpya.o
        48          0          0          0          0         68   cdcmple.o
        48          0          0          0          0         68   cdrcmple.o
        56          0          0          0          0         88   d2f.o
       334          0          0          0          0        148   dadd.o
       186          0          0          0          0        176   depilogue.o
        62          0          0          0          0         80   dfixi.o
        34          0          0          0          0         76   dflti.o
       228          0          0          0          0         96   dmul.o
        38          0          0          0          0         68   f2d.o
       110          0          0          0          0        168   fepilogue.o

    ----------------------------------------------------------------------
      1452         16          0          0          0       1376   Library Totals
         2          0          0          0          0          0   (incl. Padding)

    ----------------------------------------------------------------------

      Code (inc. data)   RO Data    RW Data    ZI Data      Debug   Library Name

       306         16          0          0          0        340   mc_w.l
      1144          0          0          0          0       1036   mf_w.l

    ----------------------------------------------------------------------
      1452         16          0          0          0       1376   Library Totals

    ----------------------------------------------------------------------

==============================================================================


      Code (inc. data)   RO Data    RW Data    ZI Data      Debug   

    108844       7050       2292       1448      12560     657282   Grand Totals
    108844       7050       2292        148      12560     657282   ELF Image Totals (compressed)
    108844       7050       2292        148          0          0   ROM Totals

==============================================================================

    Total RO  Size (Code + RO Data)               111136 ( 108.53kB)
    Total RW  Size (RW Data + ZI Data)             14008 (  13.68kB)
    Total ROM Size (Code + RO Data + RW Data)     111284 ( 108.68kB)

==============================================================================

